<?xml version="1.0" encoding="utf-8"?>
<TestRun id="fc368883-9f19-4457-83c2-bdd8e8fa8eb9" name="Jonathan@DESKTOP-L6BL747 2026-09-28 20:20:26" runUser="DESKTOP-L6BL747\Jonathan" xmlns="http://microsoft.com/schemas/VisualStudio/TeamTest/2010">
  <Times creation="2026-09-28T20:20:26.5759681-03:00" queuing="2026-09-28T20:20:26.5759686-03:00" start="2026-09-28T20:20:25.4710310-03:00" finish="2026-09-28T20:20:26.6405463-03:00" />
  <TestSettings name="default" id="06a667ce-e700-4ae9-954f-f2f3f8513292">
    <Deployment runDeploymentRoot="Jonathan_DESKTOP-L6BL747_2026-09-28_20_20_26" />
  </TestSettings>
  <Results>
    <UnitTestResult executionId="39f5f644-771a-41e4-9501-0c05241bed98" testId="41df830a-db6a-c24d-518a-5a1ebd562737" testName="InvestDashboard.UnitTests.Domain.AtivoTests.Constructor_ShouldCreateStockAsset_WhenValidArgumentsProvided" computerName="DESKTOP-L6BL747" duration="00:00:00.0411783" startTime="2026-09-28T20:20:26.4268901-03:00" endTime="2026-09-28T20:20:26.4883129-03:00" testType="13cdc9d9-ddb5-4fa4-a97d-d965ccfc6d4b" outcome="Passed" testListId="8c84fa94-04c1-424b-9868-57a2d4851a1d" relativeResultsDirectory="39f5f644-771a-41e4-9501-0c05241bed98" />
    <UnitTestResult executionId="d2896c63-87e7-47b9-b913-4514a2468182" testId="afb72c88-6246-a4dc-d53f-40aff2518c10" testName="InvestDashboard.UnitTests.Domain.TransacaoTests.Constructor_ShouldThrowArgumentException_WhenBuyTransactionIsMissingAssetDetails" computerName="DESKTOP-L6BL747" duration="00:00:00.0023820" startTime="2026-09-28T20:20:26.5610080-03:00" endTime="2026-09-28T20:20:26.5611560-03:00" testType="13cdc9d9-ddb5-4fa4-a97d-d965ccfc6d4b" outcome="Failed" testListId="8c84fa94-04c1-424b-9868-57a2d4851a1d" relativeResultsDirectory="d2896c63-87e7-47b9-b913-4514a2468182">
      <Output>
        <ErrorInfo>
          <Message>Expected the exception message to match the equivalent of "*Asset Id must be specified*", but "Ativo Id must be specified for Buy/Sell transactions (Parameter 'ativoId')" does not.</Message>
          <StackTrace>   at FluentAssertions.Specialized.ExceptionAssertions`1.AssertExceptionMessage(Action`1 messageAssertion)&#xD;
   at FluentAssertions.Specialized.ExceptionAssertions`1.WithMessage(String expectedWildcardPattern, String because, Object[] becauseArgs)&#xD;
   at InvestDashboard.UnitTests.Domain.TransacaoTests.Constructor_ShouldThrowArgumentException_WhenBuyTransactionIsMissingAssetDetails() in C:\Users\Jonathan\Documents\Developer\GitHub\invest-dashboard\src\tests\InvestDashboard.UnitTests\Domain\TransacaoTests.cs:line 93&#xD;
   at System.Reflection.MethodBaseInvoker.InterpretedInvoke_Method(Object obj, IntPtr* args)&#xD;
   at System.Reflection.MethodBaseInvoker.InvokeWithNoArgs(Object obj, BindingFlags invokeAttr)</StackTrace>
        </ErrorInfo>
      </Output>
    </UnitTestResult>
    <UnitTestResult executionId="167f7b5e-17cd-4f87-8db2-d55c828d65f5" testId="be176326-3006-f748-bfd3-4e1d0b4cff85" testName="InvestDashboard.UnitTests.Domain.TransacaoTests.Constructor_ShouldCreateBuyTransaction_WithCorrectComputedTotalAmount" computerName="DESKTOP-L6BL747" duration="00:00:00.0022916" startTime="2026-09-28T20:20:26.5604619-03:00" endTime="2026-09-28T20:20:26.5605323-03:00" testType="13cdc9d9-ddb5-4fa4-a97d-d965ccfc6d4b" outcome="Passed" testListId="8c84fa94-04c1-424b-9868-57a2d4851a1d" relativeResultsDirectory="167f7b5e-17cd-4f87-8db2-d55c828d65f5" />
    <UnitTestResult executionId="48e4321b-0e3a-41d9-bd88-336ef6c4a510" testId="fa389a90-0f2e-db70-aa8d-49a4cde336da" testName="InvestDashboard.UnitTests.Domain.AtivoTests.UpdatePrice_ShouldModifyPriceAndDate_WhenValid" computerName="DESKTOP-L6BL747" duration="00:00:00.0002606" startTime="2026-09-28T20:20:26.5303949-03:00" endTime="2026-09-28T20:20:26.5304529-03:00" testType="13cdc9d9-ddb5-4fa4-a97d-d965ccfc6d4b" outcome="Passed" testListId="8c84fa94-04c1-424b-9868-57a2d4851a1d" relativeResultsDirectory="48e4321b-0e3a-41d9-bd88-336ef6c4a510" />
    <UnitTestResult executionId="92b45e50-280c-4a4f-8751-08f7b8e3d676" testId="0f5e9154-224c-1473-1770-f3bf3cf9a3aa" testName="InvestDashboard.UnitTests.Domain.CarteiraTests.RemovePositionAndRevertTransactions_ShouldReconstructBalanceAndRemovePosition" computerName="DESKTOP-L6BL747" duration="00:00:00.0047641" startTime="2026-09-28T20:20:26.4905530-03:00" endTime="2026-09-28T20:20:26.5305381-03:00" testType="13cdc9d9-ddb5-4fa4-a97d-d965ccfc6d4b" outcome="Passed" testListId="8c84fa94-04c1-424b-9868-57a2d4851a1d" relativeResultsDirectory="92b45e50-280c-4a4f-8751-08f7b8e3d676" />
    <UnitTestResult executionId="87bb5929-39f4-4ec3-873a-16c4e2d25f05" testId="122a5e65-5526-94fb-8333-ba9c23129ce0" testName="InvestDashboard.UnitTests.Domain.AtivoTests.UpdatePrice_ShouldThrowArgumentException_WhenNewPriceIsNegative" computerName="DESKTOP-L6BL747" duration="00:00:00.0013461" startTime="2026-09-28T20:20:26.4906107-03:00" endTime="2026-09-28T20:20:26.4907291-03:00" testType="13cdc9d9-ddb5-4fa4-a97d-d965ccfc6d4b" outcome="Passed" testListId="8c84fa94-04c1-424b-9868-57a2d4851a1d" relativeResultsDirectory="87bb5929-39f4-4ec3-873a-16c4e2d25f05" />
    <UnitTestResult executionId="11d80ddf-85c9-4dcf-b9b8-ba018039845e" testId="c065f735-1ee1-3009-85b4-b412cd3d61a3" testName="InvestDashboard.UnitTests.Domain.AtivoTests.Constructor_ShouldThrowArgumentException_WhenStringFieldsAreInvalid(ticker: &quot;WEGE3&quot;, name: &quot;&quot;, sector: &quot;Industrials&quot;, expectedMessage: &quot;Name cannot be null or empty&quot;)" computerName="DESKTOP-L6BL747" duration="00:00:00.0006604" startTime="2026-09-28T20:20:26.5295860-03:00" endTime="2026-09-28T20:20:26.5296883-03:00" testType="13cdc9d9-ddb5-4fa4-a97d-d965ccfc6d4b" outcome="Passed" testListId="8c84fa94-04c1-424b-9868-57a2d4851a1d" relativeResultsDirectory="11d80ddf-85c9-4dcf-b9b8-ba018039845e" />
    <UnitTestResult executionId="a3ddc2a5-d36d-49e0-9e5c-f6976207161e" testId="e03dae3c-9b3c-86b4-457e-ec345e3d9917" testName="InvestDashboard.UnitTests.Domain.CarteiraTests.ProcessTransaction_ShouldReduceSharesButKeepAverageCostUnchanged_OnSell" computerName="DESKTOP-L6BL747" duration="00:00:00.0333648" startTime="2026-09-28T20:20:26.4241887-03:00" endTime="2026-09-28T20:20:26.4686918-03:00" testType="13cdc9d9-ddb5-4fa4-a97d-d965ccfc6d4b" outcome="Passed" testListId="8c84fa94-04c1-424b-9868-57a2d4851a1d" relativeResultsDirectory="a3ddc2a5-d36d-49e0-9e5c-f6976207161e" />
    <UnitTestResult executionId="4b8747c5-1abd-4dcb-aaff-07d6c587fb9c" testId="a9962681-e299-5e2e-3dd4-e33073601279" testName="InvestDashboard.UnitTests.Domain.TransacaoTests.Constructor_ShouldCreateSellTransaction_WithCorrectComputedTotalAmount" computerName="DESKTOP-L6BL747" duration="00:00:00.0002995" startTime="2026-09-28T20:20:26.5601149-03:00" endTime="2026-09-28T20:20:26.5602018-03:00" testType="13cdc9d9-ddb5-4fa4-a97d-d965ccfc6d4b" outcome="Passed" testListId="8c84fa94-04c1-424b-9868-57a2d4851a1d" relativeResultsDirectory="4b8747c5-1abd-4dcb-aaff-07d6c587fb9c" />
    <UnitTestResult executionId="3524153a-cde7-4931-9810-995f4013ee7e" testId="2e9602d5-1b72-32f8-7e82-06e92aadc236" testName="InvestDashboard.UnitTests.Domain.CarteiraTests.Constructor_ShouldInitializeCorrectly" computerName="DESKTOP-L6BL747" duration="00:00:00.0088580" startTime="2026-09-28T20:20:26.4880426-03:00" endTime="2026-09-28T20:20:26.4896607-03:00" testType="13cdc9d9-ddb5-4fa4-a97d-d965ccfc6d4b" outcome="Passed" testListId="8c84fa94-04c1-424b-9868-57a2d4851a1d" relativeResultsDirectory="3524153a-cde7-4931-9810-995f4013ee7e" />
    <UnitTestResult executionId="fa84b79c-c611-4d0f-b25a-a64f85735982" testId="68f9b8fe-e587-0fde-6d2d-3864fc025a56" testName="InvestDashboard.UnitTests.Domain.CarteiraTests.ProcessTransaction_ShouldThrow_WhenWithdrawalExceedsBalance" computerName="DESKTOP-L6BL747" duration="00:00:00.0064760" startTime="2026-09-28T20:20:26.4899750-03:00" endTime="2026-09-28T20:20:26.4901434-03:00" testType="13cdc9d9-ddb5-4fa4-a97d-d965ccfc6d4b" outcome="Passed" testListId="8c84fa94-04c1-424b-9868-57a2d4851a1d" relativeResultsDirectory="fa84b79c-c611-4d0f-b25a-a64f85735982" />
    <UnitTestResult executionId="299a03d9-3b97-4a3c-9779-84e6ff604f37" testId="7ed8d3c3-2491-6674-2ad3-3bd59e6281f2" testName="InvestDashboard.UnitTests.Domain.CarteiraTests.ProcessTransaction_ShouldDecreaseBalance_OnWithdrawal" computerName="DESKTOP-L6BL747" duration="00:00:00.0004264" startTime="2026-09-28T20:20:26.5344449-03:00" endTime="2026-09-28T20:20:26.5345020-03:00" testType="13cdc9d9-ddb5-4fa4-a97d-d965ccfc6d4b" outcome="Passed" testListId="8c84fa94-04c1-424b-9868-57a2d4851a1d" relativeResultsDirectory="299a03d9-3b97-4a3c-9779-84e6ff604f37" />
    <UnitTestResult executionId="f1bc7d0c-5974-4c9a-9b70-1b43bebad474" testId="716aa230-2fca-f376-84d1-f5f18e8ad0ca" testName="InvestDashboard.UnitTests.Domain.AtivoTests.UpdatePrice_ShouldThrowArgumentException_WhenDateIsInTheFuture" computerName="DESKTOP-L6BL747" duration="00:00:00.0127587" startTime="2026-09-28T20:20:26.4895529-03:00" endTime="2026-09-28T20:20:26.4900783-03:00" testType="13cdc9d9-ddb5-4fa4-a97d-d965ccfc6d4b" outcome="Passed" testListId="8c84fa94-04c1-424b-9868-57a2d4851a1d" relativeResultsDirectory="f1bc7d0c-5974-4c9a-9b70-1b43bebad474" />
    <UnitTestResult executionId="b138363e-a993-426a-a96d-5b70652fcf6e" testId="e4fd0e2c-d4e8-b6ef-9658-56d08b74b627" testName="InvestDashboard.UnitTests.Domain.AtivoTests.Constructor_ShouldThrowArgumentException_WhenPriceIsNegative" computerName="DESKTOP-L6BL747" duration="00:00:00.0007321" startTime="2026-09-28T20:20:26.5301801-03:00" endTime="2026-09-28T20:20:26.5302348-03:00" testType="13cdc9d9-ddb5-4fa4-a97d-d965ccfc6d4b" outcome="Passed" testListId="8c84fa94-04c1-424b-9868-57a2d4851a1d" relativeResultsDirectory="b138363e-a993-426a-a96d-5b70652fcf6e" />
    <UnitTestResult executionId="06777be8-9e27-4d8d-a8b9-0d60cc4fc155" testId="ea6420b0-5cd4-6b89-6625-833c3fde7766" testName="InvestDashboard.UnitTests.Domain.CarteiraTests.ProcessTransaction_ShouldResetPositionToZero_OnFullyClosedPosition" computerName="DESKTOP-L6BL747" duration="00:00:00.0006741" startTime="2026-09-28T20:20:26.5322780-03:00" endTime="2026-09-28T20:20:26.5323617-03:00" testType="13cdc9d9-ddb5-4fa4-a97d-d965ccfc6d4b" outcome="Passed" testListId="8c84fa94-04c1-424b-9868-57a2d4851a1d" relativeResultsDirectory="06777be8-9e27-4d8d-a8b9-0d60cc4fc155" />
    <UnitTestResult executionId="43777c75-5837-4c33-a30f-b1d06e6e2ca1" testId="acdf0fd4-3278-9cc7-6295-15b805cff871" testName="InvestDashboard.UnitTests.Domain.TransacaoTests.Constructor_ShouldThrowArgumentException_WhenDepositTransactionContainsAssetDetails" computerName="DESKTOP-L6BL747" duration="00:00:00.1072972" startTime="2026-09-28T20:20:26.4268070-03:00" endTime="2026-09-28T20:20:26.5422002-03:00" testType="13cdc9d9-ddb5-4fa4-a97d-d965ccfc6d4b" outcome="Failed" testListId="8c84fa94-04c1-424b-9868-57a2d4851a1d" relativeResultsDirectory="43777c75-5837-4c33-a30f-b1d06e6e2ca1">
      <Output>
        <ErrorInfo>
          <Message>Expected the exception message to match the equivalent of "*Asset Id and Ticker must be null for Deposit/Withdrawal*", but "Ativo Id and Ticker must be null for Deposit/Withdrawal cash transactions" does not.</Message>
          <StackTrace>   at FluentAssertions.Specialized.ExceptionAssertions`1.AssertExceptionMessage(Action`1 messageAssertion)&#xD;
   at FluentAssertions.Specialized.ExceptionAssertions`1.WithMessage(String expectedWildcardPattern, String because, Object[] becauseArgs)&#xD;
   at InvestDashboard.UnitTests.Domain.TransacaoTests.Constructor_ShouldThrowArgumentException_WhenDepositTransactionContainsAssetDetails() in C:\Users\Jonathan\Documents\Developer\GitHub\invest-dashboard\src\tests\InvestDashboard.UnitTests\Domain\TransacaoTests.cs:line 105&#xD;
   at System.Reflection.MethodBaseInvoker.InterpretedInvoke_Method(Object obj, IntPtr* args)&#xD;
   at System.Reflection.MethodBaseInvoker.InvokeWithNoArgs(Object obj, BindingFlags invokeAttr)</StackTrace>
        </ErrorInfo>
      </Output>
    </UnitTestResult>
    <UnitTestResult executionId="ba24b8e1-e49d-4e4a-ac9f-28be9b952c6b" testId="5ee2acbf-8051-2294-a007-f8e02dccaeea" testName="InvestDashboard.UnitTests.Domain.AtivoTests.Constructor_ShouldThrowArgumentException_WhenStringFieldsAreInvalid(ticker: &quot;&quot;, name: &quot;Weg S.A.&quot;, sector: &quot;Industrials&quot;, expectedMessage: &quot;Ticker cannot be null or empty&quot;)" computerName="DESKTOP-L6BL747" duration="00:00:00.0011541" startTime="2026-09-28T20:20:26.4909816-03:00" endTime="2026-09-28T20:20:26.4910731-03:00" testType="13cdc9d9-ddb5-4fa4-a97d-d965ccfc6d4b" outcome="Passed" testListId="8c84fa94-04c1-424b-9868-57a2d4851a1d" relativeResultsDirectory="ba24b8e1-e49d-4e4a-ac9f-28be9b952c6b" />
    <UnitTestResult executionId="791b96f0-60f3-4fb9-a85b-3de748c0cf4a" testId="dd7116e1-2636-49ea-0479-5112f06cc89d" testName="InvestDashboard.UnitTests.Domain.CarteiraTests.ProcessTransaction_ShouldRecalculateAverageCost_OnConsecutiveBuys" computerName="DESKTOP-L6BL747" duration="00:00:00.0014673" startTime="2026-09-28T20:20:26.5306584-03:00" endTime="2026-09-28T20:20:26.5320229-03:00" testType="13cdc9d9-ddb5-4fa4-a97d-d965ccfc6d4b" outcome="Passed" testListId="8c84fa94-04c1-424b-9868-57a2d4851a1d" relativeResultsDirectory="791b96f0-60f3-4fb9-a85b-3de748c0cf4a" />
    <UnitTestResult executionId="d9e96893-f529-4131-b367-b7ec79a45920" testId="3b0f5120-fc5d-39dc-bbd0-e9c8a05c2b54" testName="InvestDashboard.UnitTests.Domain.CarteiraTests.ProcessTransaction_ShouldIncreaseBalance_OnDeposit" computerName="DESKTOP-L6BL747" duration="00:00:00.0003462" startTime="2026-09-28T20:20:26.5326421-03:00" endTime="2026-09-28T20:20:26.5339081-03:00" testType="13cdc9d9-ddb5-4fa4-a97d-d965ccfc6d4b" outcome="Passed" testListId="8c84fa94-04c1-424b-9868-57a2d4851a1d" relativeResultsDirectory="d9e96893-f529-4131-b367-b7ec79a45920" />
    <UnitTestResult executionId="6722d674-45c9-450b-90da-d663d6c2d5b8" testId="2f1b5e9d-28f4-a53b-cfa5-d9c97f08e72f" testName="InvestDashboard.UnitTests.Domain.TransacaoTests.Constructor_ShouldCreateDepositTransaction_WithUnitPriceOfOne" computerName="DESKTOP-L6BL747" duration="00:00:00.0010097" startTime="2026-09-28T20:20:26.5607377-03:00" endTime="2026-09-28T20:20:26.5608030-03:00" testType="13cdc9d9-ddb5-4fa4-a97d-d965ccfc6d4b" outcome="Passed" testListId="8c84fa94-04c1-424b-9868-57a2d4851a1d" relativeResultsDirectory="6722d674-45c9-450b-90da-d663d6c2d5b8" />
    <UnitTestResult executionId="55c5aeac-ec7a-45d0-9c88-2d67ba90ac04" testId="3f9e592c-bd85-dbe8-9a24-eaf38be02190" testName="InvestDashboard.UnitTests.Domain.CarteiraTests.ProcessTransaction_ShouldCalculateAverageCostAndCreatePosition_OnBuy" computerName="DESKTOP-L6BL747" duration="00:00:00.0017825" startTime="2026-09-28T20:20:26.5341976-03:00" endTime="2026-09-28T20:20:26.5342622-03:00" testType="13cdc9d9-ddb5-4fa4-a97d-d965ccfc6d4b" outcome="Passed" testListId="8c84fa94-04c1-424b-9868-57a2d4851a1d" relativeResultsDirectory="55c5aeac-ec7a-45d0-9c88-2d67ba90ac04" />
  </Results>
  <TestDefinitions>
    <UnitTest name="InvestDashboard.UnitTests.Domain.TransacaoTests.Constructor_ShouldCreateDepositTransaction_WithUnitPriceOfOne" storage="c:\users\jonathan\documents\developer\github\invest-dashboard\src\tests\investdashboard.unittests\bin\debug\net10.0\investdashboard.unittests.dll" id="2f1b5e9d-28f4-a53b-cfa5-d9c97f08e72f">
      <Execution id="6722d674-45c9-450b-90da-d663d6c2d5b8" />
      <TestMethod codeBase="C:\Users\Jonathan\Documents\Developer\GitHub\invest-dashboard\src\tests\InvestDashboard.UnitTests\bin\Debug\net10.0\InvestDashboard.UnitTests.dll" adapterTypeName="executor://xunit/VsTestRunner3/netcore/" className="InvestDashboard.UnitTests.Domain.TransacaoTests" name="Constructor_ShouldCreateDepositTransaction_WithUnitPriceOfOne" />
    </UnitTest>
    <UnitTest name="InvestDashboard.UnitTests.Domain.AtivoTests.UpdatePrice_ShouldThrowArgumentException_WhenDateIsInTheFuture" storage="c:\users\jonathan\documents\developer\github\invest-dashboard\src\tests\investdashboard.unittests\bin\debug\net10.0\investdashboard.unittests.dll" id="716aa230-2fca-f376-84d1-f5f18e8ad0ca">
      <Execution id="f1bc7d0c-5974-4c9a-9b70-1b43bebad474" />
      <TestMethod codeBase="C:\Users\Jonathan\Documents\Developer\GitHub\invest-dashboard\src\tests\InvestDashboard.UnitTests\bin\Debug\net10.0\InvestDashboard.UnitTests.dll" adapterTypeName="executor://xunit/VsTestRunner3/netcore/" className="InvestDashboard.UnitTests.Domain.AtivoTests" name="UpdatePrice_ShouldThrowArgumentException_WhenDateIsInTheFuture" />
    </UnitTest>
    <UnitTest name="InvestDashboard.UnitTests.Domain.CarteiraTests.ProcessTransaction_ShouldCalculateAverageCostAndCreatePosition_OnBuy" storage="c:\users\jonathan\documents\developer\github\invest-dashboard\src\tests\investdashboard.unittests\bin\debug\net10.0\investdashboard.unittests.dll" id="3f9e592c-bd85-dbe8-9a24-eaf38be02190">
      <Execution id="55c5aeac-ec7a-45d0-9c88-2d67ba90ac04" />
      <TestMethod codeBase="C:\Users\Jonathan\Documents\Developer\GitHub\invest-dashboard\src\tests\InvestDashboard.UnitTests\bin\Debug\net10.0\InvestDashboard.UnitTests.dll" adapterTypeName="executor://xunit/VsTestRunner3/netcore/" className="InvestDashboard.UnitTests.Domain.CarteiraTests" name="ProcessTransaction_ShouldCalculateAverageCostAndCreatePosition_OnBuy" />
    </UnitTest>
    <UnitTest name="InvestDashboard.UnitTests.Domain.CarteiraTests.ProcessTransaction_ShouldThrow_WhenWithdrawalExceedsBalance" storage="c:\users\jonathan\documents\developer\github\invest-dashboard\src\tests\investdashboard.unittests\bin\debug\net10.0\investdashboard.unittests.dll" id="68f9b8fe-e587-0fde-6d2d-3864fc025a56">
      <Execution id="fa84b79c-c611-4d0f-b25a-a64f85735982" />
      <TestMethod codeBase="C:\Users\Jonathan\Documents\Developer\GitHub\invest-dashboard\src\tests\InvestDashboard.UnitTests\bin\Debug\net10.0\InvestDashboard.UnitTests.dll" adapterTypeName="executor://xunit/VsTestRunner3/netcore/" className="InvestDashboard.UnitTests.Domain.CarteiraTests" name="ProcessTransaction_ShouldThrow_WhenWithdrawalExceedsBalance" />
    </UnitTest>
    <UnitTest name="InvestDashboard.UnitTests.Domain.CarteiraTests.ProcessTransaction_ShouldIncreaseBalance_OnDeposit" storage="c:\users\jonathan\documents\developer\github\invest-dashboard\src\tests\investdashboard.unittests\bin\debug\net10.0\investdashboard.unittests.dll" id="3b0f5120-fc5d-39dc-bbd0-e9c8a05c2b54">
      <Execution id="d9e96893-f529-4131-b367-b7ec79a45920" />
      <TestMethod codeBase="C:\Users\Jonathan\Documents\Developer\GitHub\invest-dashboard\src\tests\InvestDashboard.UnitTests\bin\Debug\net10.0\InvestDashboard.UnitTests.dll" adapterTypeName="executor://xunit/VsTestRunner3/netcore/" className="InvestDashboard.UnitTests.Domain.CarteiraTests" name="ProcessTransaction_ShouldIncreaseBalance_OnDeposit" />
    </UnitTest>
    <UnitTest name="InvestDashboard.UnitTests.Domain.AtivoTests.Constructor_ShouldThrowArgumentException_WhenStringFieldsAreInvalid(ticker: &quot;WEGE3&quot;, name: &quot;&quot;, sector: &quot;Industrials&quot;, expectedMessage: &quot;Name cannot be null or empty&quot;)" storage="c:\users\jonathan\documents\developer\github\invest-dashboard\src\tests\investdashboard.unittests\bin\debug\net10.0\investdashboard.unittests.dll" id="c065f735-1ee1-3009-85b4-b412cd3d61a3">
      <Execution id="11d80ddf-85c9-4dcf-b9b8-ba018039845e" />
      <TestMethod codeBase="C:\Users\Jonathan\Documents\Developer\GitHub\invest-dashboard\src\tests\InvestDashboard.UnitTests\bin\Debug\net10.0\InvestDashboard.UnitTests.dll" adapterTypeName="executor://xunit/VsTestRunner3/netcore/" className="InvestDashboard.UnitTests.Domain.AtivoTests" name="Constructor_ShouldThrowArgumentException_WhenStringFieldsAreInvalid" />
    </UnitTest>
    <UnitTest name="InvestDashboard.UnitTests.Domain.AtivoTests.Constructor_ShouldThrowArgumentException_WhenStringFieldsAreInvalid(ticker: &quot;&quot;, name: &quot;Weg S.A.&quot;, sector: &quot;Industrials&quot;, expectedMessage: &quot;Ticker cannot be null or empty&quot;)" storage="c:\users\jonathan\documents\developer\github\invest-dashboard\src\tests\investdashboard.unittests\bin\debug\net10.0\investdashboard.unittests.dll" id="5ee2acbf-8051-2294-a007-f8e02dccaeea">
      <Execution id="ba24b8e1-e49d-4e4a-ac9f-28be9b952c6b" />
      <TestMethod codeBase="C:\Users\Jonathan\Documents\Developer\GitHub\invest-dashboard\src\tests\InvestDashboard.UnitTests\bin\Debug\net10.0\InvestDashboard.UnitTests.dll" adapterTypeName="executor://xunit/VsTestRunner3/netcore/" className="InvestDashboard.UnitTests.Domain.AtivoTests" name="Constructor_ShouldThrowArgumentException_WhenStringFieldsAreInvalid" />
    </UnitTest>
    <UnitTest name="InvestDashboard.UnitTests.Domain.AtivoTests.UpdatePrice_ShouldThrowArgumentException_WhenNewPriceIsNegative" storage="c:\users\jonathan\documents\developer\github\invest-dashboard\src\tests\investdashboard.unittests\bin\debug\net10.0\investdashboard.unittests.dll" id="122a5e65-5526-94fb-8333-ba9c23129ce0">
      <Execution id="87bb5929-39f4-4ec3-873a-16c4e2d25f05" />
      <TestMethod codeBase="C:\Users\Jonathan\Documents\Developer\GitHub\invest-dashboard\src\tests\InvestDashboard.UnitTests\bin\Debug\net10.0\InvestDashboard.UnitTests.dll" adapterTypeName="executor://xunit/VsTestRunner3/netcore/" className="InvestDashboard.UnitTests.Domain.AtivoTests" name="UpdatePrice_ShouldThrowArgumentException_WhenNewPriceIsNegative" />
    </UnitTest>
    <UnitTest name="InvestDashboard.UnitTests.Domain.TransacaoTests.Constructor_ShouldCreateBuyTransaction_WithCorrectComputedTotalAmount" storage="c:\users\jonathan\documents\developer\github\invest-dashboard\src\tests\investdashboard.unittests\bin\debug\net10.0\investdashboard.unittests.dll" id="be176326-3006-f748-bfd3-4e1d0b4cff85">
      <Execution id="167f7b5e-17cd-4f87-8db2-d55c828d65f5" />
      <TestMethod codeBase="C:\Users\Jonathan\Documents\Developer\GitHub\invest-dashboard\src\tests\InvestDashboard.UnitTests\bin\Debug\net10.0\InvestDashboard.UnitTests.dll" adapterTypeName="executor://xunit/VsTestRunner3/netcore/" className="InvestDashboard.UnitTests.Domain.TransacaoTests" name="Constructor_ShouldCreateBuyTransaction_WithCorrectComputedTotalAmount" />
    </UnitTest>
    <UnitTest name="InvestDashboard.UnitTests.Domain.CarteiraTests.ProcessTransaction_ShouldReduceSharesButKeepAverageCostUnchanged_OnSell" storage="c:\users\jonathan\documents\developer\github\invest-dashboard\src\tests\investdashboard.unittests\bin\debug\net10.0\investdashboard.unittests.dll" id="e03dae3c-9b3c-86b4-457e-ec345e3d9917">
      <Execution id="a3ddc2a5-d36d-49e0-9e5c-f6976207161e" />
      <TestMethod codeBase="C:\Users\Jonathan\Documents\Developer\GitHub\invest-dashboard\src\tests\InvestDashboard.UnitTests\bin\Debug\net10.0\InvestDashboard.UnitTests.dll" adapterTypeName="executor://xunit/VsTestRunner3/netcore/" className="InvestDashboard.UnitTests.Domain.CarteiraTests" name="ProcessTransaction_ShouldReduceSharesButKeepAverageCostUnchanged_OnSell" />
    </UnitTest>
    <UnitTest name="InvestDashboard.UnitTests.Domain.AtivoTests.UpdatePrice_ShouldModifyPriceAndDate_WhenValid" storage="c:\users\jonathan\documents\developer\github\invest-dashboard\src\tests\investdashboard.unittests\bin\debug\net10.0\investdashboard.unittests.dll" id="fa389a90-0f2e-db70-aa8d-49a4cde336da">
      <Execution id="48e4321b-0e3a-41d9-bd88-336ef6c4a510" />
      <TestMethod codeBase="C:\Users\Jonathan\Documents\Developer\GitHub\invest-dashboard\src\tests\InvestDashboard.UnitTests\bin\Debug\net10.0\InvestDashboard.UnitTests.dll" adapterTypeName="executor://xunit/VsTestRunner3/netcore/" className="InvestDashboard.UnitTests.Domain.AtivoTests" name="UpdatePrice_ShouldModifyPriceAndDate_WhenValid" />
    </UnitTest>
    <UnitTest name="InvestDashboard.UnitTests.Domain.AtivoTests.Constructor_ShouldThrowArgumentException_WhenPriceIsNegative" storage="c:\users\jonathan\documents\developer\github\invest-dashboard\src\tests\investdashboard.unittests\bin\debug\net10.0\investdashboard.unittests.dll" id="e4fd0e2c-d4e8-b6ef-9658-56d08b74b627">
      <Execution id="b138363e-a993-426a-a96d-5b70652fcf6e" />
      <TestMethod codeBase="C:\Users\Jonathan\Documents\Developer\GitHub\invest-dashboard\src\tests\InvestDashboard.UnitTests\bin\Debug\net10.0\InvestDashboard.UnitTests.dll" adapterTypeName="executor://xunit/VsTestRunner3/netcore/" className="InvestDashboard.UnitTests.Domain.AtivoTests" name="Constructor_ShouldThrowArgumentException_WhenPriceIsNegative" />
    </UnitTest>
    <UnitTest name="InvestDashboard.UnitTests.Domain.CarteiraTests.ProcessTransaction_ShouldDecreaseBalance_OnWithdrawal" storage="c:\users\jonathan\documents\developer\github\invest-dashboard\src\tests\investdashboard.unittests\bin\debug\net10.0\investdashboard.unittests.dll" id="7ed8d3c3-2491-6674-2ad3-3bd59e6281f2">
      <Execution id="299a03d9-3b97-4a3c-9779-84e6ff604f37" />
      <TestMethod codeBase="C:\Users\Jonathan\Documents\Developer\GitHub\invest-dashboard\src\tests\InvestDashboard.UnitTests\bin\Debug\net10.0\InvestDashboard.UnitTests.dll" adapterTypeName="executor://xunit/VsTestRunner3/netcore/" className="InvestDashboard.UnitTests.Domain.CarteiraTests" name="ProcessTransaction_ShouldDecreaseBalance_OnWithdrawal" />
    </UnitTest>
    <UnitTest name="InvestDashboard.UnitTests.Domain.CarteiraTests.ProcessTransaction_ShouldRecalculateAverageCost_OnConsecutiveBuys" storage="c:\users\jonathan\documents\developer\github\invest-dashboard\src\tests\investdashboard.unittests\bin\debug\net10.0\investdashboard.unittests.dll" id="dd7116e1-2636-49ea-0479-5112f06cc89d">
      <Execution id="791b96f0-60f3-4fb9-a85b-3de748c0cf4a" />
      <TestMethod codeBase="C:\Users\Jonathan\Documents\Developer\GitHub\invest-dashboard\src\tests\InvestDashboard.UnitTests\bin\Debug\net10.0\InvestDashboard.UnitTests.dll" adapterTypeName="executor://xunit/VsTestRunner3/netcore/" className="InvestDashboard.UnitTests.Domain.CarteiraTests" name="ProcessTransaction_ShouldRecalculateAverageCost_OnConsecutiveBuys" />
    </UnitTest>
    <UnitTest name="InvestDashboard.UnitTests.Domain.TransacaoTests.Constructor_ShouldThrowArgumentException_WhenBuyTransactionIsMissingAssetDetails" storage="c:\users\jonathan\documents\developer\github\invest-dashboard\src\tests\investdashboard.unittests\bin\debug\net10.0\investdashboard.unittests.dll" id="afb72c88-6246-a4dc-d53f-40aff2518c10">
      <Execution id="d2896c63-87e7-47b9-b913-4514a2468182" />
      <TestMethod codeBase="C:\Users\Jonathan\Documents\Developer\GitHub\invest-dashboard\src\tests\InvestDashboard.UnitTests\bin\Debug\net10.0\InvestDashboard.UnitTests.dll" adapterTypeName="executor://xunit/VsTestRunner3/netcore/" className="InvestDashboard.UnitTests.Domain.TransacaoTests" name="Constructor_ShouldThrowArgumentException_WhenBuyTransactionIsMissingAssetDetails" />
    </UnitTest>
    <UnitTest name="InvestDashboard.UnitTests.Domain.TransacaoTests.Constructor_ShouldThrowArgumentException_WhenDepositTransactionContainsAssetDetails" storage="c:\users\jonathan\documents\developer\github\invest-dashboard\src\tests\investdashboard.unittests\bin\debug\net10.0\investdashboard.unittests.dll" id="acdf0fd4-3278-9cc7-6295-15b805cff871">
      <Execution id="43777c75-5837-4c33-a30f-b1d06e6e2ca1" />
      <TestMethod codeBase="C:\Users\Jonathan\Documents\Developer\GitHub\invest-dashboard\src\tests\InvestDashboard.UnitTests\bin\Debug\net10.0\InvestDashboard.UnitTests.dll" adapterTypeName="executor://xunit/VsTestRunner3/netcore/" className="InvestDashboard.UnitTests.Domain.TransacaoTests" name="Constructor_ShouldThrowArgumentException_WhenDepositTransactionContainsAssetDetails" />
    </UnitTest>
    <UnitTest name="InvestDashboard.UnitTests.Domain.CarteiraTests.ProcessTransaction_ShouldResetPositionToZero_OnFullyClosedPosition" storage="c:\users\jonathan\documents\developer\github\invest-dashboard\src\tests\investdashboard.unittests\bin\debug\net10.0\investdashboard.unittests.dll" id="ea6420b0-5cd4-6b89-6625-833c3fde7766">
      <Execution id="06777be8-9e27-4d8d-a8b9-0d60cc4fc155" />
      <TestMethod codeBase="C:\Users\Jonathan\Documents\Developer\GitHub\invest-dashboard\src\tests\InvestDashboard.UnitTests\bin\Debug\net10.0\InvestDashboard.UnitTests.dll" adapterTypeName="executor://xunit/VsTestRunner3/netcore/" className="InvestDashboard.UnitTests.Domain.CarteiraTests" name="ProcessTransaction_ShouldResetPositionToZero_OnFullyClosedPosition" />
    </UnitTest>
    <UnitTest name="InvestDashboard.UnitTests.Domain.AtivoTests.Constructor_ShouldCreateStockAsset_WhenValidArgumentsProvided" storage="c:\users\jonathan\documents\developer\github\invest-dashboard\src\tests\investdashboard.unittests\bin\debug\net10.0\investdashboard.unittests.dll" id="41df830a-db6a-c24d-518a-5a1ebd562737">
      <Execution id="39f5f644-771a-41e4-9501-0c05241bed98" />
      <TestMethod codeBase="C:\Users\Jonathan\Documents\Developer\GitHub\invest-dashboard\src\tests\InvestDashboard.UnitTests\bin\Debug\net10.0\InvestDashboard.UnitTests.dll" adapterTypeName="executor://xunit/VsTestRunner3/netcore/" className="InvestDashboard.UnitTests.Domain.AtivoTests" name="Constructor_ShouldCreateStockAsset_WhenValidArgumentsProvided" />
    </UnitTest>
    <UnitTest name="InvestDashboard.UnitTests.Domain.TransacaoTests.Constructor_ShouldCreateSellTransaction_WithCorrectComputedTotalAmount" storage="c:\users\jonathan\documents\developer\github\invest-dashboard\src\tests\investdashboard.unittests\bin\debug\net10.0\investdashboard.unittests.dll" id="a9962681-e299-5e2e-3dd4-e33073601279">
      <Execution id="4b8747c5-1abd-4dcb-aaff-07d6c587fb9c" />
      <TestMethod codeBase="C:\Users\Jonathan\Documents\Developer\GitHub\invest-dashboard\src\tests\InvestDashboard.UnitTests\bin\Debug\net10.0\InvestDashboard.UnitTests.dll" adapterTypeName="executor://xunit/VsTestRunner3/netcore/" className="InvestDashboard.UnitTests.Domain.TransacaoTests" name="Constructor_ShouldCreateSellTransaction_WithCorrectComputedTotalAmount" />
    </UnitTest>
    <UnitTest name="InvestDashboard.UnitTests.Domain.CarteiraTests.Constructor_ShouldInitializeCorrectly" storage="c:\users\jonathan\documents\developer\github\invest-dashboard\src\tests\investdashboard.unittests\bin\debug\net10.0\investdashboard.unittests.dll" id="2e9602d5-1b72-32f8-7e82-06e92aadc236">
      <Execution id="3524153a-cde7-4931-9810-995f4013ee7e" />
      <TestMethod codeBase="C:\Users\Jonathan\Documents\Developer\GitHub\invest-dashboard\src\tests\InvestDashboard.UnitTests\bin\Debug\net10.0\InvestDashboard.UnitTests.dll" adapterTypeName="executor://xunit/VsTestRunner3/netcore/" className="InvestDashboard.UnitTests.Domain.CarteiraTests" name="Constructor_ShouldInitializeCorrectly" />
    </UnitTest>
    <UnitTest name="InvestDashboard.UnitTests.Domain.CarteiraTests.RemovePositionAndRevertTransactions_ShouldReconstructBalanceAndRemovePosition" storage="c:\users\jonathan\documents\developer\github\invest-dashboard\src\tests\investdashboard.unittests\bin\debug\net10.0\investdashboard.unittests.dll" id="0f5e9154-224c-1473-1770-f3bf3cf9a3aa">
      <Execution id="92b45e50-280c-4a4f-8751-08f7b8e3d676" />
      <TestMethod codeBase="C:\Users\Jonathan\Documents\Developer\GitHub\invest-dashboard\src\tests\InvestDashboard.UnitTests\bin\Debug\net10.0\InvestDashboard.UnitTests.dll" adapterTypeName="executor://xunit/VsTestRunner3/netcore/" className="InvestDashboard.UnitTests.Domain.CarteiraTests" name="RemovePositionAndRevertTransactions_ShouldReconstructBalanceAndRemovePosition" />
    </UnitTest>
  </TestDefinitions>
  <TestEntries>
    <TestEntry testId="41df830a-db6a-c24d-518a-5a1ebd562737" executionId="39f5f644-771a-41e4-9501-0c05241bed98" testListId="8c84fa94-04c1-424b-9868-57a2d4851a1d" />
    <TestEntry testId="afb72c88-6246-a4dc-d53f-40aff2518c10" executionId="d2896c63-87e7-47b9-b913-4514a2468182" testListId="8c84fa94-04c1-424b-9868-57a2d4851a1d" />
    <TestEntry testId="be176326-3006-f748-bfd3-4e1d0b4cff85" executionId="167f7b5e-17cd-4f87-8db2-d55c828d65f5" testListId="8c84fa94-04c1-424b-9868-57a2d4851a1d" />
    <TestEntry testId="fa389a90-0f2e-db70-aa8d-49a4cde336da" executionId="48e4321b-0e3a-41d9-bd88-336ef6c4a510" testListId="8c84fa94-04c1-424b-9868-57a2d4851a1d" />
    <TestEntry testId="0f5e9154-224c-1473-1770-f3bf3cf9a3aa" executionId="92b45e50-280c-4a4f-8751-08f7b8e3d676" testListId="8c84fa94-04c1-424b-9868-57a2d4851a1d" />
    <TestEntry testId="122a5e65-5526-94fb-8333-ba9c23129ce0" executionId="87bb5929-39f4-4ec3-873a-16c4e2d25f05" testListId="8c84fa94-04c1-424b-9868-57a2d4851a1d" />
    <TestEntry testId="c065f735-1ee1-3009-85b4-b412cd3d61a3" executionId="11d80ddf-85c9-4dcf-b9b8-ba018039845e" testListId="8c84fa94-04c1-424b-9868-57a2d4851a1d" />
    <TestEntry testId="e03dae3c-9b3c-86b4-457e-ec345e3d9917" executionId="a3ddc2a5-d36d-49e0-9e5c-f6976207161e" testListId="8c84fa94-04c1-424b-9868-57a2d4851a1d" />
    <TestEntry testId="a9962681-e299-5e2e-3dd4-e33073601279" executionId="4b8747c5-1abd-4dcb-aaff-07d6c587fb9c" testListId="8c84fa94-04c1-424b-9868-57a2d4851a1d" />
    <TestEntry testId="2e9602d5-1b72-32f8-7e82-06e92aadc236" executionId="3524153a-cde7-4931-9810-995f4013ee7e" testListId="8c84fa94-04c1-424b-9868-57a2d4851a1d" />
    <TestEntry testId="68f9b8fe-e587-0fde-6d2d-3864fc025a56" executionId="fa84b79c-c611-4d0f-b25a-a64f85735982" testListId="8c84fa94-04c1-424b-9868-57a2d4851a1d" />
    <TestEntry testId="7ed8d3c3-2491-6674-2ad3-3bd59e6281f2" executionId="299a03d9-3b97-4a3c-9779-84e6ff604f37" testListId="8c84fa94-04c1-424b-9868-57a2d4851a1d" />
    <TestEntry testId="716aa230-2fca-f376-84d1-f5f18e8ad0ca" executionId="f1bc7d0c-5974-4c9a-9b70-1b43bebad474" testListId="8c84fa94-04c1-424b-9868-57a2d4851a1d" />
    <TestEntry testId="e4fd0e2c-d4e8-b6ef-9658-56d08b74b627" executionId="b138363e-a993-426a-a96d-5b70652fcf6e" testListId="8c84fa94-04c1-424b-9868-57a2d4851a1d" />
    <TestEntry testId="ea6420b0-5cd4-6b89-6625-833c3fde7766" executionId="06777be8-9e27-4d8d-a8b9-0d60cc4fc155" testListId="8c84fa94-04c1-424b-9868-57a2d4851a1d" />
    <TestEntry testId="acdf0fd4-3278-9cc7-6295-15b805cff871" executionId="43777c75-5837-4c33-a30f-b1d06e6e2ca1" testListId="8c84fa94-04c1-424b-9868-57a2d4851a1d" />
    <TestEntry testId="5ee2acbf-8051-2294-a007-f8e02dccaeea" executionId="ba24b8e1-e49d-4e4a-ac9f-28be9b952c6b" testListId="8c84fa94-04c1-424b-9868-57a2d4851a1d" />
    <TestEntry testId="dd7116e1-2636-49ea-0479-5112f06cc89d" executionId="791b96f0-60f3-4fb9-a85b-3de748c0cf4a" testListId="8c84fa94-04c1-424b-9868-57a2d4851a1d" />
    <TestEntry testId="3b0f5120-fc5d-39dc-bbd0-e9c8a05c2b54" executionId="d9e96893-f529-4131-b367-b7ec79a45920" testListId="8c84fa94-04c1-424b-9868-57a2d4851a1d" />
    <TestEntry testId="2f1b5e9d-28f4-a53b-cfa5-d9c97f08e72f" executionId="6722d674-45c9-450b-90da-d663d6c2d5b8" testListId="8c84fa94-04c1-424b-9868-57a2d4851a1d" />
    <TestEntry testId="3f9e592c-bd85-dbe8-9a24-eaf38be02190" executionId="55c5aeac-ec7a-45d0-9c88-2d67ba90ac04" testListId="8c84fa94-04c1-424b-9868-57a2d4851a1d" />
  </TestEntries>
  <TestLists>
    <TestList name="Resultados que não estão em uma lista" id="8c84fa94-04c1-424b-9868-57a2d4851a1d" />
    <TestList name="Todos os resultados carregados" id="19431567-8539-422a-85d7-44ee4e166bda" />
  </TestLists>
  <ResultSummary outcome="Failed">
    <Counters total="21" executed="21" passed="19" failed="2" error="0" timeout="0" aborted="0" inconclusive="0" passedButRunAborted="0" notRunnable="0" notExecuted="0" disconnected="0" warning="0" completed="0" inProgress="0" pending="0" />
    <Output>
      <StdOut>[xUnit.net 00:00:00.00] xUnit.net VSTest Adapter v3.1.4+50e68bbb8b (64-bit .NET 10.0.5)&#xD;
[xUnit.net 00:00:00.13]   Discovering: InvestDashboard.UnitTests&#xD;
[xUnit.net 00:00:00.22]   Discovered:  InvestDashboard.UnitTests&#xD;
[xUnit.net 00:00:00.27]   Starting:    InvestDashboard.UnitTests&#xD;
     Warning:&#xD;
     The component "Fluent Assertions" is governed by the rules defined in the Xceed License Agreement and&#xD;
     the Xceed Fluent Assertions Community License. You may use Fluent Assertions free of charge for&#xD;
     non-commercial use only. An active subscription is required to use Fluent Assertions for commercial use.&#xD;
     Please contact Xceed Sales mailto:sales@xceed.com to acquire a subscription at a very low cost.&#xD;
     A paid commercial license supports the development and continued increasing support of&#xD;
     Fluent Assertions users under both commercial and community licenses. Help us&#xD;
     keep Fluent Assertions at the forefront of unit testing.&#xD;
     For more information, visit https://xceed.com/products/unit-testing/fluent-assertions/&#xD;
[xUnit.net 00:00:00.43]       Expected the exception message to match the equivalent of "*Asset Id and Ticker must be null for Deposit/Withdrawal*", but "Ativo Id and Ticker must be null for Deposit/Withdrawal cash transactions" does not.&#xD;
[xUnit.net 00:00:00.43]       Stack Trace:&#xD;
[xUnit.net 00:00:00.43]            at FluentAssertions.Specialized.ExceptionAssertions`1.AssertExceptionMessage(Action`1 messageAssertion)&#xD;
[xUnit.net 00:00:00.43]            at FluentAssertions.Specialized.ExceptionAssertions`1.WithMessage(String expectedWildcardPattern, String because, Object[] becauseArgs)&#xD;
[xUnit.net 00:00:00.43]         C:\Users\Jonathan\Documents\Developer\GitHub\invest-dashboard\src\tests\InvestDashboard.UnitTests\Domain\TransacaoTests.cs(105,0): at InvestDashboard.UnitTests.Domain.TransacaoTests.Constructor_ShouldThrowArgumentException_WhenDepositTransactionContainsAssetDetails()&#xD;
[xUnit.net 00:00:00.43]            at System.Reflection.MethodBaseInvoker.InterpretedInvoke_Method(Object obj, IntPtr* args)&#xD;
[xUnit.net 00:00:00.43]            at System.Reflection.MethodBaseInvoker.InvokeWithNoArgs(Object obj, BindingFlags invokeAttr)&#xD;
[xUnit.net 00:00:00.44]       Expected the exception message to match the equivalent of "*Asset Id must be specified*", but "Ativo Id must be specified for Buy/Sell transactions (Parameter 'ativoId')" does not.&#xD;
[xUnit.net 00:00:00.44]       Stack Trace:&#xD;
[xUnit.net 00:00:00.44]            at FluentAssertions.Specialized.ExceptionAssertions`1.AssertExceptionMessage(Action`1 messageAssertion)&#xD;
[xUnit.net 00:00:00.44]            at FluentAssertions.Specialized.ExceptionAssertions`1.WithMessage(String expectedWildcardPattern, String because, Object[] becauseArgs)&#xD;
[xUnit.net 00:00:00.44]         C:\Users\Jonathan\Documents\Developer\GitHub\invest-dashboard\src\tests\InvestDashboard.UnitTests\Domain\TransacaoTests.cs(93,0): at InvestDashboard.UnitTests.Domain.TransacaoTests.Constructor_ShouldThrowArgumentException_WhenBuyTransactionIsMissingAssetDetails()&#xD;
[xUnit.net 00:00:00.44]            at System.Reflection.MethodBaseInvoker.InterpretedInvoke_Method(Object obj, IntPtr* args)&#xD;
[xUnit.net 00:00:00.44]            at System.Reflection.MethodBaseInvoker.InvokeWithNoArgs(Object obj, BindingFlags invokeAttr)&#xD;
[xUnit.net 00:00:00.45]   Finished:    InvestDashboard.UnitTests&#xD;
</StdOut>
    </Output>
    <RunInfos>
      <RunInfo computerName="DESKTOP-L6BL747" outcome="Error" timestamp="2026-09-28T20:20:26.5851903-03:00">
        <Text>[xUnit.net 00:00:00.43]     InvestDashboard.UnitTests.Domain.TransacaoTests.Constructor_ShouldThrowArgumentException_WhenDepositTransactionContainsAssetDetails [FAIL]</Text>
      </RunInfo>
      <RunInfo computerName="DESKTOP-L6BL747" outcome="Error" timestamp="2026-09-28T20:20:26.5882211-03:00">
        <Text>[xUnit.net 00:00:00.44]     InvestDashboard.UnitTests.Domain.TransacaoTests.Constructor_ShouldThrowArgumentException_WhenBuyTransactionIsMissingAssetDetails [FAIL]</Text>
      </RunInfo>
    </RunInfos>
  </ResultSummary>
</TestRun>