<?xml version="1.0" encoding="utf-8"?>
<TestRun id="2ef0e889-d8b0-4c92-acc2-caf244163662" name="Jonathan@DESKTOP-L6BL747 2026-09-28 20:20:28" runUser="DESKTOP-L6BL747\Jonathan" xmlns="http://microsoft.com/schemas/VisualStudio/TeamTest/2010">
  <Times creation="2026-09-28T20:20:28.4160688-03:00" queuing="2026-09-28T20:20:28.4160695-03:00" start="2026-09-28T20:20:25.4708430-03:00" finish="2026-09-28T20:20:28.8495012-03:00" />
  <TestSettings name="default" id="99515539-e634-481a-92af-09ff302adc53">
    <Deployment runDeploymentRoot="Jonathan_DESKTOP-L6BL747_2026-09-28_20_20_28" />
  </TestSettings>
  <Results>
    <UnitTestResult executionId="711d25c4-c440-48cb-99dd-405a9c04f577" testId="daf94965-1a7a-7561-ba3e-ce5d0144387d" testName="InvestDashboard.IntegrationTests.Controllers.AuthControllerTests.Login_WithValidCredentials_ReturnsAccessTokenAndSetsCookie" computerName="DESKTOP-L6BL747" duration="00:00:00.0282160" startTime="2026-09-28T20:20:28.3018377-03:00" endTime="2026-09-28T20:20:28.3302391-03:00" testType="13cdc9d9-ddb5-4fa4-a97d-d965ccfc6d4b" outcome="Passed" testListId="8c84fa94-04c1-424b-9868-57a2d4851a1d" relativeResultsDirectory="711d25c4-c440-48cb-99dd-405a9c04f577" />
    <UnitTestResult executionId="e32f4987-84f3-47eb-8e1a-9bdd1bab2442" testId="7439e125-c2ce-81ba-83af-2f30b1f2c7b0" testName="InvestDashboard.IntegrationTests.Controllers.InvestimentosControllerTests.GetDividends_ReturnsEmptyList" computerName="DESKTOP-L6BL747" duration="00:00:00.0161760" startTime="2026-09-28T20:20:28.7024726-03:00" endTime="2026-09-28T20:20:28.7189821-03:00" testType="13cdc9d9-ddb5-4fa4-a97d-d965ccfc6d4b" outcome="Passed" testListId="8c84fa94-04c1-424b-9868-57a2d4851a1d" relativeResultsDirectory="e32f4987-84f3-47eb-8e1a-9bdd1bab2442" />
    <UnitTestResult executionId="9062e21a-546c-4a14-84a1-a77d09dd59ed" testId="2d117058-2a78-be8a-28c7-e40984c033fa" testName="InvestDashboard.IntegrationTests.Controllers.InvestimentosControllerTests.GetAll_WithoutAuth_ReturnsUnauthorized" computerName="DESKTOP-L6BL747" duration="00:00:00.0669284" startTime="2026-09-28T20:20:28.5902484-03:00" endTime="2026-09-28T20:20:28.6575027-03:00" testType="13cdc9d9-ddb5-4fa4-a97d-d965ccfc6d4b" outcome="Passed" testListId="8c84fa94-04c1-424b-9868-57a2d4851a1d" relativeResultsDirectory="9062e21a-546c-4a14-84a1-a77d09dd59ed" />
    <UnitTestResult executionId="dd61adb5-d2c3-46f2-bc34-dedf11c9155c" testId="dc4bc267-eac8-62bd-2390-dcaddd3b8aed" testName="InvestDashboard.IntegrationTests.Controllers.InvestimentosControllerTests.GetById_WithInvalidId_ReturnsNotFound" computerName="DESKTOP-L6BL747" duration="00:00:00.0141923" startTime="2026-09-28T20:20:28.6876525-03:00" endTime="2026-09-28T20:20:28.7021913-03:00" testType="13cdc9d9-ddb5-4fa4-a97d-d965ccfc6d4b" outcome="Passed" testListId="8c84fa94-04c1-424b-9868-57a2d4851a1d" relativeResultsDirectory="dd61adb5-d2c3-46f2-bc34-dedf11c9155c" />
    <UnitTestResult executionId="de409d6d-3153-4861-acb9-381bc42e855f" testId="56d60acc-f8d7-0425-b37b-93d9030fa007" testName="InvestDashboard.IntegrationTests.Controllers.AuthControllerTests.Logout_ReturnsOkAndDeletesCookie" computerName="DESKTOP-L6BL747" duration="00:00:00.0110160" startTime="2026-09-28T20:20:28.3304881-03:00" endTime="2026-09-28T20:20:28.3420305-03:00" testType="13cdc9d9-ddb5-4fa4-a97d-d965ccfc6d4b" outcome="Passed" testListId="8c84fa94-04c1-424b-9868-57a2d4851a1d" relativeResultsDirectory="de409d6d-3153-4861-acb9-381bc42e855f" />
    <UnitTestResult executionId="8e9e6e13-75a3-4c6a-ac22-5586059c780e" testId="4654d287-6beb-554b-16a1-e43c424b0623" testName="InvestDashboard.IntegrationTests.Controllers.InvestimentosControllerTests.Delete_WithInvalidId_ReturnsNotFound" computerName="DESKTOP-L6BL747" duration="00:00:00.0123654" startTime="2026-09-28T20:20:28.7192184-03:00" endTime="2026-09-28T20:20:28.7320446-03:00" testType="13cdc9d9-ddb5-4fa4-a97d-d965ccfc6d4b" outcome="Passed" testListId="8c84fa94-04c1-424b-9868-57a2d4851a1d" relativeResultsDirectory="8e9e6e13-75a3-4c6a-ac22-5586059c780e" />
    <UnitTestResult executionId="58e9c7fe-81f3-454c-aa28-7a95115566f8" testId="2d7b1c6f-2a6a-37eb-7a5d-786cd14034ae" testName="InvestDashboard.IntegrationTests.Controllers.AuthControllerTests.Login_WithInvalidCredentials_ReturnsBadRequest" computerName="DESKTOP-L6BL747" duration="00:00:00.0037962" startTime="2026-09-28T20:20:28.3962457-03:00" endTime="2026-09-28T20:20:28.3962944-03:00" testType="13cdc9d9-ddb5-4fa4-a97d-d965ccfc6d4b" outcome="Passed" testListId="8c84fa94-04c1-424b-9868-57a2d4851a1d" relativeResultsDirectory="58e9c7fe-81f3-454c-aa28-7a95115566f8" />
    <UnitTestResult executionId="9276feb2-c130-4bfd-b7ba-6a85caa36272" testId="8bd9c353-5991-f309-fa1f-ecca35d6249b" testName="InvestDashboard.IntegrationTests.Controllers.CarteirasControllerTests.GetAll_WhenNoPortfolios_ReturnsEmptyPaginatedResponse" computerName="DESKTOP-L6BL747" duration="00:00:00.0509333" startTime="2026-09-28T20:20:28.5283945-03:00" endTime="2026-09-28T20:20:28.5797174-03:00" testType="13cdc9d9-ddb5-4fa4-a97d-d965ccfc6d4b" outcome="Passed" testListId="8c84fa94-04c1-424b-9868-57a2d4851a1d" relativeResultsDirectory="9276feb2-c130-4bfd-b7ba-6a85caa36272" />
    <UnitTestResult executionId="5e24e2b5-90e5-45cd-96dd-88d57fab3148" testId="8448fb39-558f-0a7e-8a21-cda3e9271eca" testName="InvestDashboard.IntegrationTests.Controllers.CarteirasControllerTests.GetSummary_WithInvalidId_ReturnsNotFound" computerName="DESKTOP-L6BL747" duration="00:00:00.0507077" startTime="2026-09-28T20:20:28.5800115-03:00" endTime="2026-09-28T20:20:28.6308756-03:00" testType="13cdc9d9-ddb5-4fa4-a97d-d965ccfc6d4b" outcome="Passed" testListId="8c84fa94-04c1-424b-9868-57a2d4851a1d" relativeResultsDirectory="5e24e2b5-90e5-45cd-96dd-88d57fab3148" />
    <UnitTestResult executionId="42ef45b1-14f9-4bfe-87e6-b8bba0b6fab8" testId="9b72e7c9-6ba2-fba9-28bb-637d58d355c4" testName="InvestDashboard.IntegrationTests.Controllers.CarteirasControllerTests.GetById_WithInvalidId_ReturnsNotFound" computerName="DESKTOP-L6BL747" duration="00:00:00.0110905" startTime="2026-09-28T20:20:28.6310766-03:00" endTime="2026-09-28T20:20:28.6425362-03:00" testType="13cdc9d9-ddb5-4fa4-a97d-d965ccfc6d4b" outcome="Passed" testListId="8c84fa94-04c1-424b-9868-57a2d4851a1d" relativeResultsDirectory="42ef45b1-14f9-4bfe-87e6-b8bba0b6fab8" />
    <UnitTestResult executionId="9a255b6d-e69b-4f96-a348-d6e5392f82ae" testId="acfd114c-5522-23aa-3372-f6b422ecab94" testName="InvestDashboard.IntegrationTests.Controllers.AuthControllerTests.Refresh_WithoutToken_ReturnsUnauthorized" computerName="DESKTOP-L6BL747" duration="00:00:01.7964207" startTime="2026-09-28T20:20:26.4195986-03:00" endTime="2026-09-28T20:20:28.2366154-03:00" testType="13cdc9d9-ddb5-4fa4-a97d-d965ccfc6d4b" outcome="Passed" testListId="8c84fa94-04c1-424b-9868-57a2d4851a1d" relativeResultsDirectory="9a255b6d-e69b-4f96-a348-d6e5392f82ae" />
    <UnitTestResult executionId="3bb43c46-8cdc-4f1d-b406-b1188e79bde8" testId="0a6d67dd-4f29-01cb-eee8-7c2351d35f91" testName="InvestDashboard.IntegrationTests.Controllers.CarteirasControllerTests.GetAll_WithoutAuth_ReturnsUnauthorized" computerName="DESKTOP-L6BL747" duration="00:00:01.8019648" startTime="2026-09-28T20:20:26.4197309-03:00" endTime="2026-09-28T20:20:28.2298032-03:00" testType="13cdc9d9-ddb5-4fa4-a97d-d965ccfc6d4b" outcome="Passed" testListId="8c84fa94-04c1-424b-9868-57a2d4851a1d" relativeResultsDirectory="3bb43c46-8cdc-4f1d-b406-b1188e79bde8" />
    <UnitTestResult executionId="a074d98f-b593-4ab1-8ae4-1aec83e9511d" testId="3381b9f2-6e18-5155-0cdb-489ebbafd98c" testName="InvestDashboard.IntegrationTests.Controllers.AuthControllerTests.Register_WithNewUser_ReturnsAccessToken" computerName="DESKTOP-L6BL747" duration="00:00:00.0034493" startTime="2026-09-28T20:20:28.3959722-03:00" endTime="2026-09-28T20:20:28.3960603-03:00" testType="13cdc9d9-ddb5-4fa4-a97d-d965ccfc6d4b" outcome="Passed" testListId="8c84fa94-04c1-424b-9868-57a2d4851a1d" relativeResultsDirectory="a074d98f-b593-4ab1-8ae4-1aec83e9511d" />
    <UnitTestResult executionId="cd56ead5-663e-49cd-84c2-e474bf40c9c8" testId="a33bf819-db0e-1b75-461a-c52a9aedc9ce" testName="InvestDashboard.IntegrationTests.Controllers.CarteirasControllerTests.Delete_WithInvalidId_ReturnsNotFound" computerName="DESKTOP-L6BL747" duration="00:00:00.0123737" startTime="2026-09-28T20:20:28.6454703-03:00" endTime="2026-09-28T20:20:28.6553993-03:00" testType="13cdc9d9-ddb5-4fa4-a97d-d965ccfc6d4b" outcome="Passed" testListId="8c84fa94-04c1-424b-9868-57a2d4851a1d" relativeResultsDirectory="cd56ead5-663e-49cd-84c2-e474bf40c9c8" />
    <UnitTestResult executionId="b0c66d24-dddb-49c7-8c52-2eef3366973b" testId="488a7522-92c6-f942-d159-11678a358741" testName="InvestDashboard.IntegrationTests.Controllers.InvestimentosControllerTests.GetSummary_WhenEmpty_ReturnsZeroValues" computerName="DESKTOP-L6BL747" duration="00:00:00.0292405" startTime="2026-09-28T20:20:28.6578244-03:00" endTime="2026-09-28T20:20:28.6874635-03:00" testType="13cdc9d9-ddb5-4fa4-a97d-d965ccfc6d4b" outcome="Passed" testListId="8c84fa94-04c1-424b-9868-57a2d4851a1d" relativeResultsDirectory="b0c66d24-dddb-49c7-8c52-2eef3366973b" />
    <UnitTestResult executionId="d2d17a74-852e-40d5-ade0-3546d9efff86" testId="5d1a7b3c-f153-f9cf-2c6c-56797976740b" testName="InvestDashboard.IntegrationTests.Controllers.CarteirasControllerTests.Create_ValidPortfolio_ReturnsCreated" computerName="DESKTOP-L6BL747" duration="00:00:00.2942452" startTime="2026-09-28T20:20:28.2667107-03:00" endTime="2026-09-28T20:20:28.5281113-03:00" testType="13cdc9d9-ddb5-4fa4-a97d-d965ccfc6d4b" outcome="Passed" testListId="8c84fa94-04c1-424b-9868-57a2d4851a1d" relativeResultsDirectory="d2d17a74-852e-40d5-ade0-3546d9efff86" />
    <UnitTestResult executionId="c9dade55-3869-4770-92fe-bd72d5d84ebe" testId="42a9dda7-f3b3-74d7-2baf-26b76ae370a8" testName="InvestDashboard.IntegrationTests.Controllers.InvestimentosControllerTests.GetAll_WhenNoInvestments_ReturnsEmptyList" computerName="DESKTOP-L6BL747" duration="00:00:00.0308182" startTime="2026-09-28T20:20:28.5592435-03:00" endTime="2026-09-28T20:20:28.5899145-03:00" testType="13cdc9d9-ddb5-4fa4-a97d-d965ccfc6d4b" outcome="Passed" testListId="8c84fa94-04c1-424b-9868-57a2d4851a1d" relativeResultsDirectory="c9dade55-3869-4770-92fe-bd72d5d84ebe" />
    <UnitTestResult executionId="0c082868-f782-451f-9273-c7e59fbae011" testId="222917b3-9d83-bda7-26c2-b316fa9ad0ff" testName="InvestDashboard.IntegrationTests.Controllers.AuthControllerTests.GetMe_WithoutJwt_ReturnsUnauthorized" computerName="DESKTOP-L6BL747" duration="00:00:00.0080143" startTime="2026-09-28T20:20:28.2666590-03:00" endTime="2026-09-28T20:20:28.2668295-03:00" testType="13cdc9d9-ddb5-4fa4-a97d-d965ccfc6d4b" outcome="Passed" testListId="8c84fa94-04c1-424b-9868-57a2d4851a1d" relativeResultsDirectory="0c082868-f782-451f-9273-c7e59fbae011" />
    <UnitTestResult executionId="f8affab5-3de8-4449-a744-1eaeac80dd06" testId="d3e9b6c8-773c-0fdd-c03d-d936f60a39d8" testName="InvestDashboard.IntegrationTests.Controllers.InvestimentosControllerTests.Update_WithoutPrice_ReturnsBadRequest" computerName="DESKTOP-L6BL747" duration="00:00:00.0175403" startTime="2026-09-28T20:20:28.7323552-03:00" endTime="2026-09-28T20:20:28.7501193-03:00" testType="13cdc9d9-ddb5-4fa4-a97d-d965ccfc6d4b" outcome="Passed" testListId="8c84fa94-04c1-424b-9868-57a2d4851a1d" relativeResultsDirectory="f8affab5-3de8-4449-a744-1eaeac80dd06" />
    <UnitTestResult executionId="c18b3c10-ef9b-464f-b242-a0428d3e6abd" testId="7afa1abf-0b82-9e22-a816-f2c15984b192" testName="InvestDashboard.IntegrationTests.Controllers.AuthControllerTests.Register_WithExistingUser_ReturnsBadRequest" computerName="DESKTOP-L6BL747" duration="00:00:00.0126637" startTime="2026-09-28T20:20:28.3738902-03:00" endTime="2026-09-28T20:20:28.3867185-03:00" testType="13cdc9d9-ddb5-4fa4-a97d-d965ccfc6d4b" outcome="Passed" testListId="8c84fa94-04c1-424b-9868-57a2d4851a1d" relativeResultsDirectory="c18b3c10-ef9b-464f-b242-a0428d3e6abd" />
    <UnitTestResult executionId="fed0c0f1-a383-4e84-bc62-5111c76e3260" testId="37e10989-9a11-0bb4-6dae-39e887c5464b" testName="InvestDashboard.IntegrationTests.Controllers.AuthControllerTests.Refresh_WithValidToken_ReturnsNewAccessToken" computerName="DESKTOP-L6BL747" duration="00:00:00.0586334" startTime="2026-09-28T20:20:28.2676068-03:00" endTime="2026-09-28T20:20:28.3015345-03:00" testType="13cdc9d9-ddb5-4fa4-a97d-d965ccfc6d4b" outcome="Passed" testListId="8c84fa94-04c1-424b-9868-57a2d4851a1d" relativeResultsDirectory="fed0c0f1-a383-4e84-bc62-5111c76e3260" />
    <UnitTestResult executionId="abac2dde-261a-4b0c-a782-5ce976599db5" testId="9e437b7c-5313-d4e7-3000-98c40730e543" testName="InvestDashboard.IntegrationTests.Controllers.AuthControllerTests.GetMe_WithValidJwt_ReturnsUserInfo" computerName="DESKTOP-L6BL747" duration="00:00:00.0310021" startTime="2026-09-28T20:20:28.3423786-03:00" endTime="2026-09-28T20:20:28.3735848-03:00" testType="13cdc9d9-ddb5-4fa4-a97d-d965ccfc6d4b" outcome="Passed" testListId="8c84fa94-04c1-424b-9868-57a2d4851a1d" relativeResultsDirectory="abac2dde-261a-4b0c-a782-5ce976599db5" />
    <UnitTestResult executionId="efa1fc9f-cd9b-4073-a64d-4916de1075ce" testId="20132266-fd54-3414-c2d5-2577eaa46a39" testName="InvestDashboard.IntegrationTests.Controllers.InvestimentosControllerTests.GetTransactions_WithInvalidId_ReturnsEmptyList" computerName="DESKTOP-L6BL747" duration="00:00:02.1378154" startTime="2026-09-28T20:20:26.4173617-03:00" endTime="2026-09-28T20:20:28.5586328-03:00" testType="13cdc9d9-ddb5-4fa4-a97d-d965ccfc6d4b" outcome="Passed" testListId="8c84fa94-04c1-424b-9868-57a2d4851a1d" relativeResultsDirectory="efa1fc9f-cd9b-4073-a64d-4916de1075ce" />
  </Results>
  <TestDefinitions>
    <UnitTest name="InvestDashboard.IntegrationTests.Controllers.AuthControllerTests.Register_WithExistingUser_ReturnsBadRequest" storage="c:\users\jonathan\documents\developer\github\invest-dashboard\src\tests\investdashboard.integrationtests\bin\debug\net10.0\investdashboard.integrationtests.dll" id="7afa1abf-0b82-9e22-a816-f2c15984b192">
      <Execution id="c18b3c10-ef9b-464f-b242-a0428d3e6abd" />
      <TestMethod codeBase="C:\Users\Jonathan\Documents\Developer\GitHub\invest-dashboard\src\tests\InvestDashboard.IntegrationTests\bin\Debug\net10.0\InvestDashboard.IntegrationTests.dll" adapterTypeName="executor://xunit/VsTestRunner3/netcore/" className="InvestDashboard.IntegrationTests.Controllers.AuthControllerTests" name="Register_WithExistingUser_ReturnsBadRequest" />
    </UnitTest>
    <UnitTest name="InvestDashboard.IntegrationTests.Controllers.InvestimentosControllerTests.GetAll_WhenNoInvestments_ReturnsEmptyList" storage="c:\users\jonathan\documents\developer\github\invest-dashboard\src\tests\investdashboard.integrationtests\bin\debug\net10.0\investdashboard.integrationtests.dll" id="42a9dda7-f3b3-74d7-2baf-26b76ae370a8">
      <Execution id="c9dade55-3869-4770-92fe-bd72d5d84ebe" />
      <TestMethod codeBase="C:\Users\Jonathan\Documents\Developer\GitHub\invest-dashboard\src\tests\InvestDashboard.IntegrationTests\bin\Debug\net10.0\InvestDashboard.IntegrationTests.dll" adapterTypeName="executor://xunit/VsTestRunner3/netcore/" className="InvestDashboard.IntegrationTests.Controllers.InvestimentosControllerTests" name="GetAll_WhenNoInvestments_ReturnsEmptyList" />
    </UnitTest>
    <UnitTest name="InvestDashboard.IntegrationTests.Controllers.CarteirasControllerTests.GetById_WithInvalidId_ReturnsNotFound" storage="c:\users\jonathan\documents\developer\github\invest-dashboard\src\tests\investdashboard.integrationtests\bin\debug\net10.0\investdashboard.integrationtests.dll" id="9b72e7c9-6ba2-fba9-28bb-637d58d355c4">
      <Execution id="42ef45b1-14f9-4bfe-87e6-b8bba0b6fab8" />
      <TestMethod codeBase="C:\Users\Jonathan\Documents\Developer\GitHub\invest-dashboard\src\tests\InvestDashboard.IntegrationTests\bin\Debug\net10.0\InvestDashboard.IntegrationTests.dll" adapterTypeName="executor://xunit/VsTestRunner3/netcore/" className="InvestDashboard.IntegrationTests.Controllers.CarteirasControllerTests" name="GetById_WithInvalidId_ReturnsNotFound" />
    </UnitTest>
    <UnitTest name="InvestDashboard.IntegrationTests.Controllers.AuthControllerTests.GetMe_WithoutJwt_ReturnsUnauthorized" storage="c:\users\jonathan\documents\developer\github\invest-dashboard\src\tests\investdashboard.integrationtests\bin\debug\net10.0\investdashboard.integrationtests.dll" id="222917b3-9d83-bda7-26c2-b316fa9ad0ff">
      <Execution id="0c082868-f782-451f-9273-c7e59fbae011" />
      <TestMethod codeBase="C:\Users\Jonathan\Documents\Developer\GitHub\invest-dashboard\src\tests\InvestDashboard.IntegrationTests\bin\Debug\net10.0\InvestDashboard.IntegrationTests.dll" adapterTypeName="executor://xunit/VsTestRunner3/netcore/" className="InvestDashboard.IntegrationTests.Controllers.AuthControllerTests" name="GetMe_WithoutJwt_ReturnsUnauthorized" />
    </UnitTest>
    <UnitTest name="InvestDashboard.IntegrationTests.Controllers.InvestimentosControllerTests.Update_WithoutPrice_ReturnsBadRequest" storage="c:\users\jonathan\documents\developer\github\invest-dashboard\src\tests\investdashboard.integrationtests\bin\debug\net10.0\investdashboard.integrationtests.dll" id="d3e9b6c8-773c-0fdd-c03d-d936f60a39d8">
      <Execution id="f8affab5-3de8-4449-a744-1eaeac80dd06" />
      <TestMethod codeBase="C:\Users\Jonathan\Documents\Developer\GitHub\invest-dashboard\src\tests\InvestDashboard.IntegrationTests\bin\Debug\net10.0\InvestDashboard.IntegrationTests.dll" adapterTypeName="executor://xunit/VsTestRunner3/netcore/" className="InvestDashboard.IntegrationTests.Controllers.InvestimentosControllerTests" name="Update_WithoutPrice_ReturnsBadRequest" />
    </UnitTest>
    <UnitTest name="InvestDashboard.IntegrationTests.Controllers.AuthControllerTests.GetMe_WithValidJwt_ReturnsUserInfo" storage="c:\users\jonathan\documents\developer\github\invest-dashboard\src\tests\investdashboard.integrationtests\bin\debug\net10.0\investdashboard.integrationtests.dll" id="9e437b7c-5313-d4e7-3000-98c40730e543">
      <Execution id="abac2dde-261a-4b0c-a782-5ce976599db5" />
      <TestMethod codeBase="C:\Users\Jonathan\Documents\Developer\GitHub\invest-dashboard\src\tests\InvestDashboard.IntegrationTests\bin\Debug\net10.0\InvestDashboard.IntegrationTests.dll" adapterTypeName="executor://xunit/VsTestRunner3/netcore/" className="InvestDashboard.IntegrationTests.Controllers.AuthControllerTests" name="GetMe_WithValidJwt_ReturnsUserInfo" />
    </UnitTest>
    <UnitTest name="InvestDashboard.IntegrationTests.Controllers.CarteirasControllerTests.Create_ValidPortfolio_ReturnsCreated" storage="c:\users\jonathan\documents\developer\github\invest-dashboard\src\tests\investdashboard.integrationtests\bin\debug\net10.0\investdashboard.integrationtests.dll" id="5d1a7b3c-f153-f9cf-2c6c-56797976740b">
      <Execution id="d2d17a74-852e-40d5-ade0-3546d9efff86" />
      <TestMethod codeBase="C:\Users\Jonathan\Documents\Developer\GitHub\invest-dashboard\src\tests\InvestDashboard.IntegrationTests\bin\Debug\net10.0\InvestDashboard.IntegrationTests.dll" adapterTypeName="executor://xunit/VsTestRunner3/netcore/" className="InvestDashboard.IntegrationTests.Controllers.CarteirasControllerTests" name="Create_ValidPortfolio_ReturnsCreated" />
    </UnitTest>
    <UnitTest name="InvestDashboard.IntegrationTests.Controllers.CarteirasControllerTests.GetSummary_WithInvalidId_ReturnsNotFound" storage="c:\users\jonathan\documents\developer\github\invest-dashboard\src\tests\investdashboard.integrationtests\bin\debug\net10.0\investdashboard.integrationtests.dll" id="8448fb39-558f-0a7e-8a21-cda3e9271eca">
      <Execution id="5e24e2b5-90e5-45cd-96dd-88d57fab3148" />
      <TestMethod codeBase="C:\Users\Jonathan\Documents\Developer\GitHub\invest-dashboard\src\tests\InvestDashboard.IntegrationTests\bin\Debug\net10.0\InvestDashboard.IntegrationTests.dll" adapterTypeName="executor://xunit/VsTestRunner3/netcore/" className="InvestDashboard.IntegrationTests.Controllers.CarteirasControllerTests" name="GetSummary_WithInvalidId_ReturnsNotFound" />
    </UnitTest>
    <UnitTest name="InvestDashboard.IntegrationTests.Controllers.CarteirasControllerTests.GetAll_WhenNoPortfolios_ReturnsEmptyPaginatedResponse" storage="c:\users\jonathan\documents\developer\github\invest-dashboard\src\tests\investdashboard.integrationtests\bin\debug\net10.0\investdashboard.integrationtests.dll" id="8bd9c353-5991-f309-fa1f-ecca35d6249b">
      <Execution id="9276feb2-c130-4bfd-b7ba-6a85caa36272" />
      <TestMethod codeBase="C:\Users\Jonathan\Documents\Developer\GitHub\invest-dashboard\src\tests\InvestDashboard.IntegrationTests\bin\Debug\net10.0\InvestDashboard.IntegrationTests.dll" adapterTypeName="executor://xunit/VsTestRunner3/netcore/" className="InvestDashboard.IntegrationTests.Controllers.CarteirasControllerTests" name="GetAll_WhenNoPortfolios_ReturnsEmptyPaginatedResponse" />
    </UnitTest>
    <UnitTest name="InvestDashboard.IntegrationTests.Controllers.AuthControllerTests.Login_WithInvalidCredentials_ReturnsBadRequest" storage="c:\users\jonathan\documents\developer\github\invest-dashboard\src\tests\investdashboard.integrationtests\bin\debug\net10.0\investdashboard.integrationtests.dll" id="2d7b1c6f-2a6a-37eb-7a5d-786cd14034ae">
      <Execution id="58e9c7fe-81f3-454c-aa28-7a95115566f8" />
      <TestMethod codeBase="C:\Users\Jonathan\Documents\Developer\GitHub\invest-dashboard\src\tests\InvestDashboard.IntegrationTests\bin\Debug\net10.0\InvestDashboard.IntegrationTests.dll" adapterTypeName="executor://xunit/VsTestRunner3/netcore/" className="InvestDashboard.IntegrationTests.Controllers.AuthControllerTests" name="Login_WithInvalidCredentials_ReturnsBadRequest" />
    </UnitTest>
    <UnitTest name="InvestDashboard.IntegrationTests.Controllers.InvestimentosControllerTests.GetSummary_WhenEmpty_ReturnsZeroValues" storage="c:\users\jonathan\documents\developer\github\invest-dashboard\src\tests\investdashboard.integrationtests\bin\debug\net10.0\investdashboard.integrationtests.dll" id="488a7522-92c6-f942-d159-11678a358741">
      <Execution id="b0c66d24-dddb-49c7-8c52-2eef3366973b" />
      <TestMethod codeBase="C:\Users\Jonathan\Documents\Developer\GitHub\invest-dashboard\src\tests\InvestDashboard.IntegrationTests\bin\Debug\net10.0\InvestDashboard.IntegrationTests.dll" adapterTypeName="executor://xunit/VsTestRunner3/netcore/" className="InvestDashboard.IntegrationTests.Controllers.InvestimentosControllerTests" name="GetSummary_WhenEmpty_ReturnsZeroValues" />
    </UnitTest>
    <UnitTest name="InvestDashboard.IntegrationTests.Controllers.InvestimentosControllerTests.GetDividends_ReturnsEmptyList" storage="c:\users\jonathan\documents\developer\github\invest-dashboard\src\tests\investdashboard.integrationtests\bin\debug\net10.0\investdashboard.integrationtests.dll" id="7439e125-c2ce-81ba-83af-2f30b1f2c7b0">
      <Execution id="e32f4987-84f3-47eb-8e1a-9bdd1bab2442" />
      <TestMethod codeBase="C:\Users\Jonathan\Documents\Developer\GitHub\invest-dashboard\src\tests\InvestDashboard.IntegrationTests\bin\Debug\net10.0\InvestDashboard.IntegrationTests.dll" adapterTypeName="executor://xunit/VsTestRunner3/netcore/" className="InvestDashboard.IntegrationTests.Controllers.InvestimentosControllerTests" name="GetDividends_ReturnsEmptyList" />
    </UnitTest>
    <UnitTest name="InvestDashboard.IntegrationTests.Controllers.CarteirasControllerTests.GetAll_WithoutAuth_ReturnsUnauthorized" storage="c:\users\jonathan\documents\developer\github\invest-dashboard\src\tests\investdashboard.integrationtests\bin\debug\net10.0\investdashboard.integrationtests.dll" id="0a6d67dd-4f29-01cb-eee8-7c2351d35f91">
      <Execution id="3bb43c46-8cdc-4f1d-b406-b1188e79bde8" />
      <TestMethod codeBase="C:\Users\Jonathan\Documents\Developer\GitHub\invest-dashboard\src\tests\InvestDashboard.IntegrationTests\bin\Debug\net10.0\InvestDashboard.IntegrationTests.dll" adapterTypeName="executor://xunit/VsTestRunner3/netcore/" className="InvestDashboard.IntegrationTests.Controllers.CarteirasControllerTests" name="GetAll_WithoutAuth_ReturnsUnauthorized" />
    </UnitTest>
    <UnitTest name="InvestDashboard.IntegrationTests.Controllers.InvestimentosControllerTests.GetById_WithInvalidId_ReturnsNotFound" storage="c:\users\jonathan\documents\developer\github\invest-dashboard\src\tests\investdashboard.integrationtests\bin\debug\net10.0\investdashboard.integrationtests.dll" id="dc4bc267-eac8-62bd-2390-dcaddd3b8aed">
      <Execution id="dd61adb5-d2c3-46f2-bc34-dedf11c9155c" />
      <TestMethod codeBase="C:\Users\Jonathan\Documents\Developer\GitHub\invest-dashboard\src\tests\InvestDashboard.IntegrationTests\bin\Debug\net10.0\InvestDashboard.IntegrationTests.dll" adapterTypeName="executor://xunit/VsTestRunner3/netcore/" className="InvestDashboard.IntegrationTests.Controllers.InvestimentosControllerTests" name="GetById_WithInvalidId_ReturnsNotFound" />
    </UnitTest>
    <UnitTest name="InvestDashboard.IntegrationTests.Controllers.AuthControllerTests.Logout_ReturnsOkAndDeletesCookie" storage="c:\users\jonathan\documents\developer\github\invest-dashboard\src\tests\investdashboard.integrationtests\bin\debug\net10.0\investdashboard.integrationtests.dll" id="56d60acc-f8d7-0425-b37b-93d9030fa007">
      <Execution id="de409d6d-3153-4861-acb9-381bc42e855f" />
      <TestMethod codeBase="C:\Users\Jonathan\Documents\Developer\GitHub\invest-dashboard\src\tests\InvestDashboard.IntegrationTests\bin\Debug\net10.0\InvestDashboard.IntegrationTests.dll" adapterTypeName="executor://xunit/VsTestRunner3/netcore/" className="InvestDashboard.IntegrationTests.Controllers.AuthControllerTests" name="Logout_ReturnsOkAndDeletesCookie" />
    </UnitTest>
    <UnitTest name="InvestDashboard.IntegrationTests.Controllers.InvestimentosControllerTests.GetAll_WithoutAuth_ReturnsUnauthorized" storage="c:\users\jonathan\documents\developer\github\invest-dashboard\src\tests\investdashboard.integrationtests\bin\debug\net10.0\investdashboard.integrationtests.dll" id="2d117058-2a78-be8a-28c7-e40984c033fa">
      <Execution id="9062e21a-546c-4a14-84a1-a77d09dd59ed" />
      <TestMethod codeBase="C:\Users\Jonathan\Documents\Developer\GitHub\invest-dashboard\src\tests\InvestDashboard.IntegrationTests\bin\Debug\net10.0\InvestDashboard.IntegrationTests.dll" adapterTypeName="executor://xunit/VsTestRunner3/netcore/" className="InvestDashboard.IntegrationTests.Controllers.InvestimentosControllerTests" name="GetAll_WithoutAuth_ReturnsUnauthorized" />
    </UnitTest>
    <UnitTest name="InvestDashboard.IntegrationTests.Controllers.InvestimentosControllerTests.GetTransactions_WithInvalidId_ReturnsEmptyList" storage="c:\users\jonathan\documents\developer\github\invest-dashboard\src\tests\investdashboard.integrationtests\bin\debug\net10.0\investdashboard.integrationtests.dll" id="20132266-fd54-3414-c2d5-2577eaa46a39">
      <Execution id="efa1fc9f-cd9b-4073-a64d-4916de1075ce" />
      <TestMethod codeBase="C:\Users\Jonathan\Documents\Developer\GitHub\invest-dashboard\src\tests\InvestDashboard.IntegrationTests\bin\Debug\net10.0\InvestDashboard.IntegrationTests.dll" adapterTypeName="executor://xunit/VsTestRunner3/netcore/" className="InvestDashboard.IntegrationTests.Controllers.InvestimentosControllerTests" name="GetTransactions_WithInvalidId_ReturnsEmptyList" />
    </UnitTest>
    <UnitTest name="InvestDashboard.IntegrationTests.Controllers.AuthControllerTests.Register_WithNewUser_ReturnsAccessToken" storage="c:\users\jonathan\documents\developer\github\invest-dashboard\src\tests\investdashboard.integrationtests\bin\debug\net10.0\investdashboard.integrationtests.dll" id="3381b9f2-6e18-5155-0cdb-489ebbafd98c">
      <Execution id="a074d98f-b593-4ab1-8ae4-1aec83e9511d" />
      <TestMethod codeBase="C:\Users\Jonathan\Documents\Developer\GitHub\invest-dashboard\src\tests\InvestDashboard.IntegrationTests\bin\Debug\net10.0\InvestDashboard.IntegrationTests.dll" adapterTypeName="executor://xunit/VsTestRunner3/netcore/" className="InvestDashboard.IntegrationTests.Controllers.AuthControllerTests" name="Register_WithNewUser_ReturnsAccessToken" />
    </UnitTest>
    <UnitTest name="InvestDashboard.IntegrationTests.Controllers.AuthControllerTests.Login_WithValidCredentials_ReturnsAccessTokenAndSetsCookie" storage="c:\users\jonathan\documents\developer\github\invest-dashboard\src\tests\investdashboard.integrationtests\bin\debug\net10.0\investdashboard.integrationtests.dll" id="daf94965-1a7a-7561-ba3e-ce5d0144387d">
      <Execution id="711d25c4-c440-48cb-99dd-405a9c04f577" />
      <TestMethod codeBase="C:\Users\Jonathan\Documents\Developer\GitHub\invest-dashboard\src\tests\InvestDashboard.IntegrationTests\bin\Debug\net10.0\InvestDashboard.IntegrationTests.dll" adapterTypeName="executor://xunit/VsTestRunner3/netcore/" className="InvestDashboard.IntegrationTests.Controllers.AuthControllerTests" name="Login_WithValidCredentials_ReturnsAccessTokenAndSetsCookie" />
    </UnitTest>
    <UnitTest name="InvestDashboard.IntegrationTests.Controllers.InvestimentosControllerTests.Delete_WithInvalidId_ReturnsNotFound" storage="c:\users\jonathan\documents\developer\github\invest-dashboard\src\tests\investdashboard.integrationtests\bin\debug\net10.0\investdashboard.integrationtests.dll" id="4654d287-6beb-554b-16a1-e43c424b0623">
      <Execution id="8e9e6e13-75a3-4c6a-ac22-5586059c780e" />
      <TestMethod codeBase="C:\Users\Jonathan\Documents\Developer\GitHub\invest-dashboard\src\tests\InvestDashboard.IntegrationTests\bin\Debug\net10.0\InvestDashboard.IntegrationTests.dll" adapterTypeName="executor://xunit/VsTestRunner3/netcore/" className="InvestDashboard.IntegrationTests.Controllers.InvestimentosControllerTests" name="Delete_WithInvalidId_ReturnsNotFound" />
    </UnitTest>
    <UnitTest name="InvestDashboard.IntegrationTests.Controllers.AuthControllerTests.Refresh_WithValidToken_ReturnsNewAccessToken" storage="c:\users\jonathan\documents\developer\github\invest-dashboard\src\tests\investdashboard.integrationtests\bin\debug\net10.0\investdashboard.integrationtests.dll" id="37e10989-9a11-0bb4-6dae-39e887c5464b">
      <Execution id="fed0c0f1-a383-4e84-bc62-5111c76e3260" />
      <TestMethod codeBase="C:\Users\Jonathan\Documents\Developer\GitHub\invest-dashboard\src\tests\InvestDashboard.IntegrationTests\bin\Debug\net10.0\InvestDashboard.IntegrationTests.dll" adapterTypeName="executor://xunit/VsTestRunner3/netcore/" className="InvestDashboard.IntegrationTests.Controllers.AuthControllerTests" name="Refresh_WithValidToken_ReturnsNewAccessToken" />
    </UnitTest>
    <UnitTest name="InvestDashboard.IntegrationTests.Controllers.CarteirasControllerTests.Delete_WithInvalidId_ReturnsNotFound" storage="c:\users\jonathan\documents\developer\github\invest-dashboard\src\tests\investdashboard.integrationtests\bin\debug\net10.0\investdashboard.integrationtests.dll" id="a33bf819-db0e-1b75-461a-c52a9aedc9ce">
      <Execution id="cd56ead5-663e-49cd-84c2-e474bf40c9c8" />
      <TestMethod codeBase="C:\Users\Jonathan\Documents\Developer\GitHub\invest-dashboard\src\tests\InvestDashboard.IntegrationTests\bin\Debug\net10.0\InvestDashboard.IntegrationTests.dll" adapterTypeName="executor://xunit/VsTestRunner3/netcore/" className="InvestDashboard.IntegrationTests.Controllers.CarteirasControllerTests" name="Delete_WithInvalidId_ReturnsNotFound" />
    </UnitTest>
    <UnitTest name="InvestDashboard.IntegrationTests.Controllers.AuthControllerTests.Refresh_WithoutToken_ReturnsUnauthorized" storage="c:\users\jonathan\documents\developer\github\invest-dashboard\src\tests\investdashboard.integrationtests\bin\debug\net10.0\investdashboard.integrationtests.dll" id="acfd114c-5522-23aa-3372-f6b422ecab94">
      <Execution id="9a255b6d-e69b-4f96-a348-d6e5392f82ae" />
      <TestMethod codeBase="C:\Users\Jonathan\Documents\Developer\GitHub\invest-dashboard\src\tests\InvestDashboard.IntegrationTests\bin\Debug\net10.0\InvestDashboard.IntegrationTests.dll" adapterTypeName="executor://xunit/VsTestRunner3/netcore/" className="InvestDashboard.IntegrationTests.Controllers.AuthControllerTests" name="Refresh_WithoutToken_ReturnsUnauthorized" />
    </UnitTest>
  </TestDefinitions>
  <TestEntries>
    <TestEntry testId="daf94965-1a7a-7561-ba3e-ce5d0144387d" executionId="711d25c4-c440-48cb-99dd-405a9c04f577" testListId="8c84fa94-04c1-424b-9868-57a2d4851a1d" />
    <TestEntry testId="7439e125-c2ce-81ba-83af-2f30b1f2c7b0" executionId="e32f4987-84f3-47eb-8e1a-9bdd1bab2442" testListId="8c84fa94-04c1-424b-9868-57a2d4851a1d" />
    <TestEntry testId="2d117058-2a78-be8a-28c7-e40984c033fa" executionId="9062e21a-546c-4a14-84a1-a77d09dd59ed" testListId="8c84fa94-04c1-424b-9868-57a2d4851a1d" />
    <TestEntry testId="dc4bc267-eac8-62bd-2390-dcaddd3b8aed" executionId="dd61adb5-d2c3-46f2-bc34-dedf11c9155c" testListId="8c84fa94-04c1-424b-9868-57a2d4851a1d" />
    <TestEntry testId="56d60acc-f8d7-0425-b37b-93d9030fa007" executionId="de409d6d-3153-4861-acb9-381bc42e855f" testListId="8c84fa94-04c1-424b-9868-57a2d4851a1d" />
    <TestEntry testId="4654d287-6beb-554b-16a1-e43c424b0623" executionId="8e9e6e13-75a3-4c6a-ac22-5586059c780e" testListId="8c84fa94-04c1-424b-9868-57a2d4851a1d" />
    <TestEntry testId="2d7b1c6f-2a6a-37eb-7a5d-786cd14034ae" executionId="58e9c7fe-81f3-454c-aa28-7a95115566f8" testListId="8c84fa94-04c1-424b-9868-57a2d4851a1d" />
    <TestEntry testId="8bd9c353-5991-f309-fa1f-ecca35d6249b" executionId="9276feb2-c130-4bfd-b7ba-6a85caa36272" testListId="8c84fa94-04c1-424b-9868-57a2d4851a1d" />
    <TestEntry testId="8448fb39-558f-0a7e-8a21-cda3e9271eca" executionId="5e24e2b5-90e5-45cd-96dd-88d57fab3148" testListId="8c84fa94-04c1-424b-9868-57a2d4851a1d" />
    <TestEntry testId="9b72e7c9-6ba2-fba9-28bb-637d58d355c4" executionId="42ef45b1-14f9-4bfe-87e6-b8bba0b6fab8" testListId="8c84fa94-04c1-424b-9868-57a2d4851a1d" />
    <TestEntry testId="acfd114c-5522-23aa-3372-f6b422ecab94" executionId="9a255b6d-e69b-4f96-a348-d6e5392f82ae" testListId="8c84fa94-04c1-424b-9868-57a2d4851a1d" />
    <TestEntry testId="0a6d67dd-4f29-01cb-eee8-7c2351d35f91" executionId="3bb43c46-8cdc-4f1d-b406-b1188e79bde8" testListId="8c84fa94-04c1-424b-9868-57a2d4851a1d" />
    <TestEntry testId="3381b9f2-6e18-5155-0cdb-489ebbafd98c" executionId="a074d98f-b593-4ab1-8ae4-1aec83e9511d" testListId="8c84fa94-04c1-424b-9868-57a2d4851a1d" />
    <TestEntry testId="a33bf819-db0e-1b75-461a-c52a9aedc9ce" executionId="cd56ead5-663e-49cd-84c2-e474bf40c9c8" testListId="8c84fa94-04c1-424b-9868-57a2d4851a1d" />
    <TestEntry testId="488a7522-92c6-f942-d159-11678a358741" executionId="b0c66d24-dddb-49c7-8c52-2eef3366973b" testListId="8c84fa94-04c1-424b-9868-57a2d4851a1d" />
    <TestEntry testId="5d1a7b3c-f153-f9cf-2c6c-56797976740b" executionId="d2d17a74-852e-40d5-ade0-3546d9efff86" testListId="8c84fa94-04c1-424b-9868-57a2d4851a1d" />
    <TestEntry testId="42a9dda7-f3b3-74d7-2baf-26b76ae370a8" executionId="c9dade55-3869-4770-92fe-bd72d5d84ebe" testListId="8c84fa94-04c1-424b-9868-57a2d4851a1d" />
    <TestEntry testId="222917b3-9d83-bda7-26c2-b316fa9ad0ff" executionId="0c082868-f782-451f-9273-c7e59fbae011" testListId="8c84fa94-04c1-424b-9868-57a2d4851a1d" />
    <TestEntry testId="d3e9b6c8-773c-0fdd-c03d-d936f60a39d8" executionId="f8affab5-3de8-4449-a744-1eaeac80dd06" testListId="8c84fa94-04c1-424b-9868-57a2d4851a1d" />
    <TestEntry testId="7afa1abf-0b82-9e22-a816-f2c15984b192" executionId="c18b3c10-ef9b-464f-b242-a0428d3e6abd" testListId="8c84fa94-04c1-424b-9868-57a2d4851a1d" />
    <TestEntry testId="37e10989-9a11-0bb4-6dae-39e887c5464b" executionId="fed0c0f1-a383-4e84-bc62-5111c76e3260" testListId="8c84fa94-04c1-424b-9868-57a2d4851a1d" />
    <TestEntry testId="9e437b7c-5313-d4e7-3000-98c40730e543" executionId="abac2dde-261a-4b0c-a782-5ce976599db5" testListId="8c84fa94-04c1-424b-9868-57a2d4851a1d" />
    <TestEntry testId="20132266-fd54-3414-c2d5-2577eaa46a39" executionId="efa1fc9f-cd9b-4073-a64d-4916de1075ce" testListId="8c84fa94-04c1-424b-9868-57a2d4851a1d" />
  </TestEntries>
  <TestLists>
    <TestList name="Resultados que não estão em uma lista" id="8c84fa94-04c1-424b-9868-57a2d4851a1d" />
    <TestList name="Todos os resultados carregados" id="19431567-8539-422a-85d7-44ee4e166bda" />
  </TestLists>
  <ResultSummary outcome="Completed">
    <Counters total="23" executed="23" passed="23" failed="0" error="0" timeout="0" aborted="0" inconclusive="0" passedButRunAborted="0" notRunnable="0" notExecuted="0" disconnected="0" warning="0" completed="0" inProgress="0" pending="0" />
    <Output>
      <StdOut>[xUnit.net 00:00:00.00] xUnit.net VSTest Adapter v3.1.4+50e68bbb8b (64-bit .NET 10.0.5)&#xD;
[xUnit.net 00:00:00.15]   Discovering: InvestDashboard.IntegrationTests&#xD;
[xUnit.net 00:00:00.23]   Discovered:  InvestDashboard.IntegrationTests&#xD;
[xUnit.net 00:00:00.28]   Starting:    InvestDashboard.IntegrationTests&#xD;
info: Microsoft.EntityFrameworkCore.Update[30100]&#xD;
      Saved 0 entities to in-memory store.&#xD;
info: Microsoft.EntityFrameworkCore.Update[30100]&#xD;
      Saved 0 entities to in-memory store.&#xD;
info: Microsoft.EntityFrameworkCore.Update[30100]&#xD;
      Saved 0 entities to in-memory store.&#xD;
info: Microsoft.Hosting.Lifetime[0]&#xD;
      Application started. Press Ctrl+C to shut down.&#xD;
info: Microsoft.Hosting.Lifetime[0]&#xD;
      Application started. Press Ctrl+C to shut down.&#xD;
info: Microsoft.Hosting.Lifetime[0]&#xD;
      Application started. Press Ctrl+C to shut down.&#xD;
info: Microsoft.Hosting.Lifetime[0]&#xD;
      Hosting environment: Testing&#xD;
info: Microsoft.Hosting.Lifetime[0]&#xD;
      Content root path: C:\Users\Jonathan\Documents\Developer\GitHub\invest-dashboard\src\InvestDashboard.WebAPI&#xD;
info: Microsoft.Hosting.Lifetime[0]&#xD;
      Hosting environment: Testing&#xD;
info: Microsoft.Hosting.Lifetime[0]&#xD;
      Content root path: C:\Users\Jonathan\Documents\Developer\GitHub\invest-dashboard\src\InvestDashboard.WebAPI&#xD;
info: Microsoft.Hosting.Lifetime[0]&#xD;
      Hosting environment: Testing&#xD;
info: Microsoft.Hosting.Lifetime[0]&#xD;
      Content root path: C:\Users\Jonathan\Documents\Developer\GitHub\invest-dashboard\src\InvestDashboard.WebAPI&#xD;
warn: Microsoft.AspNetCore.HttpsPolicy.HttpsRedirectionMiddleware[3]&#xD;
      Failed to determine the https port for redirect.&#xD;
warn: Microsoft.AspNetCore.HttpsPolicy.HttpsRedirectionMiddleware[3]&#xD;
      Failed to determine the https port for redirect.&#xD;
info: Microsoft.EntityFrameworkCore.Update[30100]&#xD;
      Saved 0 entities to in-memory store.&#xD;
info: Microsoft.Hosting.Lifetime[0]&#xD;
      Application started. Press Ctrl+C to shut down.&#xD;
info: Microsoft.Hosting.Lifetime[0]&#xD;
      Hosting environment: Testing&#xD;
info: Microsoft.Hosting.Lifetime[0]&#xD;
      Content root path: C:\Users\Jonathan\Documents\Developer\GitHub\invest-dashboard\src\InvestDashboard.WebAPI&#xD;
warn: Microsoft.AspNetCore.HttpsPolicy.HttpsRedirectionMiddleware[3]&#xD;
      Failed to determine the https port for redirect.&#xD;
warn: Microsoft.AspNetCore.HttpsPolicy.HttpsRedirectionMiddleware[3]&#xD;
      Failed to determine the https port for redirect.&#xD;
     Warning:&#xD;
     The component "Fluent Assertions" is governed by the rules defined in the Xceed License Agreement and&#xD;
     the Xceed Fluent Assertions Community License. You may use Fluent Assertions free of charge for&#xD;
     non-commercial use only. An active subscription is required to use Fluent Assertions for commercial use.&#xD;
     Please contact Xceed Sales mailto:sales@xceed.com to acquire a subscription at a very low cost.&#xD;
     A paid commercial license supports the development and continued increasing support of&#xD;
     Fluent Assertions users under both commercial and community licenses. Help us&#xD;
     keep Fluent Assertions at the forefront of unit testing.&#xD;
     For more information, visit https://xceed.com/products/unit-testing/fluent-assertions/&#xD;
info: Microsoft.Hosting.Lifetime[0]&#xD;
      Application is shutting down...&#xD;
info: Microsoft.EntityFrameworkCore.Update[30100]&#xD;
      Saved 1 entities to in-memory store.&#xD;
info: Microsoft.EntityFrameworkCore.Update[30100]&#xD;
      Saved 0 entities to in-memory store.&#xD;
info: Microsoft.Hosting.Lifetime[0]&#xD;
      Application started. Press Ctrl+C to shut down.&#xD;
info: Microsoft.Hosting.Lifetime[0]&#xD;
      Hosting environment: Testing&#xD;
info: Microsoft.Hosting.Lifetime[0]&#xD;
      Content root path: C:\Users\Jonathan\Documents\Developer\GitHub\invest-dashboard\src\InvestDashboard.WebAPI&#xD;
warn: Microsoft.AspNetCore.HttpsPolicy.HttpsRedirectionMiddleware[3]&#xD;
      Failed to determine the https port for redirect.&#xD;
info: Microsoft.Hosting.Lifetime[0]&#xD;
      Application is shutting down...&#xD;
info: Microsoft.Hosting.Lifetime[0]&#xD;
      Application is shutting down...&#xD;
[xUnit.net 00:00:02.66]   Finished:    InvestDashboard.IntegrationTests&#xD;
</StdOut>
    </Output>
  </ResultSummary>
</TestRun>